2026-04-13 22:35:30 | enc_lr: 0.0005
2026-04-13 22:35:30 | clf_lr: 0.001
2026-04-13 22:35:30 | Encoder: cpt_epoch100_w102_edim440.pt
2026-04-13 22:35:30 | Loading best model: checkpoints_clf/SBHARPT/w102/stage2_xformer2_e440/best_model_stage2_epoch80.pt
2026-04-13 22:35:30 | ==================== METRICS ====================
2026-04-13 22:35:30 | Overall Accuracy: 87.6522%
2026-04-13 22:35:30 | Confusion Matrix:
[[535,  27,  13,   0,   0,   1,   0,   1,   0,   0,   0,   1],
 [ 34, 507,  25,   0,   0,   0,   0,   0,   0,   0,   0,   0],
 [ 86,  15, 433,   0,   1,   0,   1,   0,   0,   0,   0,   0],
 [  0,   0,   0, 599,  61,   2,   2,   0,   0,   1,   1,   0],
 [  1,   1,   3,  54, 615,   0,   0,   1,   2,   0,   2,   0],
 [  0,   9,   0,   0,  13, 664,   0,   0,   6,   1,   5,   8],
 [  0,   1,   6,   3,   2,   0,  32,   0,   0,   0,   4,   0],
 [  0,   0,   1,   2,   6,   0,   0,  25,   0,   2,   0,   0],
 [  0,   0,   2,   3,   0,   8,   1,   0,  22,   0,  22,   0],
 [  0,   0,   1,   4,   0,   3,   0,   0,   0,  32,   0,   6],
 [  1,   2,   1,   4,   0,   2,   0,   0,   2,   0,  39,   0],
 [  3,   0,   5,   0,   0,   4,   0,   0,   0,  18,   0,  25]]
2026-04-13 22:35:30 | Classification Report:
              precision    recall  f1-score   support

         0.0       0.81      0.93      0.86       578
         1.0       0.90      0.90      0.90       566
         2.0       0.88      0.81      0.84       536
         3.0       0.90      0.90      0.90       666
         4.0       0.88      0.91      0.89       679
         5.0       0.97      0.94      0.96       706
         6.0       0.89      0.67      0.76        48
         7.0       0.93      0.69      0.79        36
         8.0       0.69      0.38      0.49        58
         9.0       0.59      0.70      0.64        46
        10.0       0.53      0.76      0.63        51
        11.0       0.62      0.45      0.53        55

    accuracy                           0.88      4025
   macro avg       0.80      0.75      0.77      4025
weighted avg       0.88      0.88      0.88      4025

2026-04-13 22:35:30 | ==================================================

