if not is_stage_two:
    checkpoint_clf_dir = f"checkpoints_clf/w{window_size}/stage1"
    clf_lr = 2e-3
    
    optimizer = torch.optim.AdamW(classifier_model.parameters(), lr=clf_lr, betas=(0.9, 0.99))

else:
    checkpoint_clf_dir = f"checkpoints_clf/w{window_size}/stage1" # to load best model from stage1
    enc_lr = 3e-4
    clf_lr = 1e-3

92.4472049689441                                                                                             
[[574   0   4   0   0   0   0   0   0   0   0   0]
 [  8 540  11   5   0   0   0   0   0   1   1   0]
 [  1   1 534   0   0   0   0   0   0   0   0   0]
 [  0   0   0 591  66   0   4   2   0   3   0   0]
 [  0   0   0  83 586   0   3   3   1   0   3   0]
 [  0   0   0   0   1 687   0   0   8   0   1   9]
 [  0   0   0   1   5   0  42   0   0   0   0   0]
 [  0   0   0   1   3   0   0  32   0   0   0   0]
 [  0   0   0   1   1   4   1   3  28   0  20   0]
 [  0   0   0   5   0   3   0   0   0  33   0   5]
 [  0   0   0   3   2   1   1   0   5   0  39   0]
 [  6   1   1   0   0   4   0   0   0   8   0  35]]
              precision    recall  f1-score   support

         0.0       0.97      0.99      0.98       578
         1.0       1.00      0.95      0.97       566
         2.0       0.97      1.00      0.98       536
         3.0       0.86      0.89      0.87       666
         4.0       0.88      0.86      0.87       679
         5.0       0.98      0.97      0.98       706
         6.0       0.82      0.88      0.85        48
         7.0       0.80      0.89      0.84        36
         8.0       0.67      0.48      0.56        58
         9.0       0.73      0.72      0.73        46
        10.0       0.61      0.76      0.68        51
        11.0       0.71      0.64      0.67        55

    accuracy                           0.92      4025
   macro avg       0.83      0.84      0.83      4025
weighted avg       0.92      0.92      0.92      4025