2026-01-19 18:33:19 | ==================== METRICS ====================
2026-01-19 18:33:19 | Overall Accuracy: 85.1677%
2026-01-19 18:33:19 | Confusion Matrix:
[[564,   8,   5,   0,   0,   0,   0,   0,   0,   0,   0,   1],
 [ 32, 518,  15,   0,   0,   0,   0,   0,   0,   1,   0,   0],
 [188,  37, 311,   0,   0,   0,   0,   0,   0,   0,   0,   0],
 [  0,   0,   0, 605,  53,   0,   1,   1,   0,   5,   1,   0],
 [  0,   0,   0, 133, 537,   0,   4,   2,   1,   0,   2,   0],
 [  0,   0,   0,   0,   2, 700,   0,   0,   1,   0,   0,   3],
 [  0,   2,   0,   5,   6,   0,  31,   0,   0,   0,   4,   0],
 [  0,   0,   0,   2,   1,   0,   0,  33,   0,   0,   0,   0],
 [  0,   0,   0,   2,   0,   4,   3,   3,  30,   0,  16,   0],
 [  0,   0,   0,   3,   0,   3,   0,   0,   0,  30,   0,  10],
 [  0,   0,   0,   2,   1,   1,   0,   0,   5,   0,  42,   0],
 [  3,   1,   1,   0,   0,   3,   0,   0,   0,  20,   0,  27]]
2026-01-19 18:33:19 | Classification Report:
              precision    recall  f1-score   support

         0.0       0.72      0.98      0.83       578
         1.0       0.92      0.92      0.92       566
         2.0       0.94      0.58      0.72       536
         3.0       0.80      0.91      0.85       666
         4.0       0.90      0.79      0.84       679
         5.0       0.98      0.99      0.99       706
         6.0       0.79      0.65      0.71        48
         7.0       0.85      0.92      0.88        36
         8.0       0.81      0.52      0.63        58
         9.0       0.54      0.65      0.59        46
        10.0       0.65      0.82      0.72        51
        11.0       0.66      0.49      0.56        55

    accuracy                           0.85      4025
   macro avg       0.80      0.77      0.77      4025
weighted avg       0.87      0.85      0.85      4025

2026-01-19 18:33:19 | ==================================================

