2026-04-10 00:34:41 | enc_lr: 0.0005
2026-04-10 00:34:41 | clf_lr: 0.001
2026-04-10 00:34:41 | Encoder: cpt_epoch25_w102_edim440.pt
2026-04-10 00:34:41 | Loading best model: checkpoints_clf/SBHARPT/w102/stage2_conv6_e440/best_model_stage2_epoch100.pt
2026-04-10 00:34:41 | ==================== METRICS ====================
2026-04-10 00:34:41 | Overall Accuracy: 92.4969%
2026-04-10 00:34:41 | Confusion Matrix:
[[575,   0,   3,   0,   0,   0,   0,   0,   0,   0,   0,   0],
 [  9, 549,   6,   1,   1,   0,   0,   0,   0,   0,   0,   0],
 [  0,   2, 534,   0,   0,   0,   0,   0,   0,   0,   0,   0],
 [  0,   0,   0, 606,  53,   0,   2,   0,   1,   3,   1,   0],
 [  0,   0,   1,  91, 585,   0,   0,   0,   0,   0,   2,   0],
 [  0,   0,   0,   0,  24, 679,   0,   0,   1,   0,   2,   0],
 [  0,   0,   0,   8,  10,   0,  27,   0,   0,   0,   3,   0],
 [  0,   0,   0,   5,   4,   0,   0,  27,   0,   0,   0,   0],
 [  0,   0,   0,   2,   2,   7,   0,   2,  33,   0,  12,   0],
 [  0,   0,   0,   4,   0,   3,   0,   0,   0,  36,   0,   3],
 [  0,   0,   0,   2,   1,   2,   0,   0,   6,   0,  40,   0],
 [  6,   0,   0,   2,   0,   3,   0,   0,   0,  12,   0,  32]]
2026-04-10 00:34:41 | Classification Report:
              precision    recall  f1-score   support

         0.0       0.97      0.99      0.98       578
         1.0       1.00      0.97      0.98       566
         2.0       0.98      1.00      0.99       536
         3.0       0.84      0.91      0.87       666
         4.0       0.86      0.86      0.86       679
         5.0       0.98      0.96      0.97       706
         6.0       0.93      0.56      0.70        48
         7.0       0.93      0.75      0.83        36
         8.0       0.80      0.57      0.67        58
         9.0       0.71      0.78      0.74        46
        10.0       0.67      0.78      0.72        51
        11.0       0.91      0.58      0.71        55

    accuracy                           0.92      4025
   macro avg       0.88      0.81      0.84      4025
weighted avg       0.93      0.92      0.92      4025

2026-04-10 00:34:41 | ==================================================

