embedding_dim = 264
n_heads=6
n_layers=4
predictor_embed_dim = 128
predictor_n_heads = 4
predictor_n_layers = 2

2026-01-11 12:53:14 | Epoch 001
Tr Loss 4.869, Sim 0.386, Var Pd 0.817, Cov Pd 1.394, Std Pd 0.183, Std Cx 0.824, Norm Pd 3.798
Val Loss 16.212, Sim 0.356, Var Pd 0.907, Cov Pd 60.107, Std Pd 0.092, Std Cx 0.748, Norm Pd 2.360

2026-01-11 12:57:01 | Epoch 002
Tr Loss 2.610, Sim 0.379, Var Pd 0.803, Cov Pd 1.278, Std Pd 0.197, Std Cx 0.907, Norm Pd 3.926
Val Loss 11.372, Sim 0.347, Var Pd 0.886, Cov Pd 43.017, Std Pd 0.113, Std Cx 0.765, Norm Pd 2.723

2026-01-11 13:00:48 | Epoch 003
Tr Loss 2.054, Sim 0.366, Var Pd 0.796, Cov Pd 1.289, Std Pd 0.203, Std Cx 0.857, Norm Pd 4.049
Val Loss 6.434, Sim 0.335, Var Pd 0.851, Cov Pd 21.320, Std Pd 0.149, Std Cx 0.773, Norm Pd 3.232

2026-01-11 13:04:32 | Epoch 004
Tr Loss 1.854, Sim 0.350, Var Pd 0.787, Cov Pd 1.293, Std Pd 0.212, Std Cx 0.796, Norm Pd 4.213
Val Loss 5.825, Sim 0.322, Var Pd 0.823, Cov Pd 18.544, Std Pd 0.176, Std Cx 0.715, Norm Pd 3.695

2026-01-11 13:07:07 | Epoch 005
Tr Loss 1.768, Sim 0.339, Var Pd 0.782, Cov Pd 1.295, Std Pd 0.218, Std Cx 0.708, Norm Pd 4.317
Val Loss 5.511, Sim 0.314, Var Pd 0.808, Cov Pd 17.425, Std Pd 0.191, Std Cx 0.629, Norm Pd 3.971

2026-01-11 13:07:07 | Checkpoint saved | epoch=5 | path=checkpoints/w102/win_seq/cpt_epoch5_w102_edim384.pt
2026-01-11 13:10:46 | Epoch 006
Tr Loss 1.719, Sim 0.334, Var Pd 0.778, Cov Pd 1.297, Std Pd 0.222, Std Cx 0.608, Norm Pd 4.377
Val Loss 5.227, Sim 0.310, Var Pd 0.799, Cov Pd 16.242, Std Pd 0.201, Std Cx 0.537, Norm Pd 4.135

2026-01-11 13:14:30 | Epoch 007
Tr Loss 1.689, Sim 0.332, Var Pd 0.776, Cov Pd 1.298, Std Pd 0.223, Std Cx 0.511, Norm Pd 4.413
Val Loss 5.004, Sim 0.310, Var Pd 0.793, Cov Pd 15.063, Std Pd 0.207, Std Cx 0.451, Norm Pd 4.239

2026-01-11 13:18:16 | Epoch 008
Tr Loss 1.669, Sim 0.333, Var Pd 0.775, Cov Pd 1.298, Std Pd 0.224, Std Cx 0.424, Norm Pd 4.437
Val Loss 4.932, Sim 0.308, Var Pd 0.789, Cov Pd 14.905, Std Pd 0.211, Std Cx 0.376, Norm Pd 4.330

2026-01-11 13:22:02 | Epoch 009
Tr Loss 1.655, Sim 0.333, Var Pd 0.775, Cov Pd 1.302, Std Pd 0.225, Std Cx 0.357, Norm Pd 4.453
Val Loss 4.833, Sim 0.310, Var Pd 0.787, Cov Pd 14.360, Std Pd 0.213, Std Cx 0.321, Norm Pd 4.365

2026-01-11 13:25:47 | Epoch 010
Tr Loss 1.644, Sim 0.333, Var Pd 0.774, Cov Pd 1.308, Std Pd 0.226, Std Cx 0.311, Norm Pd 4.466
Val Loss 4.774, Sim 0.308, Var Pd 0.784, Cov Pd 14.101, Std Pd 0.216, Std Cx 0.288, Norm Pd 4.421

2026-01-11 13:25:47 | Checkpoint saved | epoch=10 | path=checkpoints/w102/win_seq/cpt_epoch10_w102_edim384.pt
2026-01-11 13:29:34 | Epoch 011
Tr Loss 1.633, Sim 0.332, Var Pd 0.773, Cov Pd 1.314, Std Pd 0.226, Std Cx 0.286, Norm Pd 4.484
Val Loss 4.741, Sim 0.307, Var Pd 0.782, Cov Pd 14.120, Std Pd 0.218, Std Cx 0.270, Norm Pd 4.472

2026-01-11 13:33:20 | Epoch 012
Tr Loss 1.627, Sim 0.331, Var Pd 0.773, Cov Pd 1.317, Std Pd 0.227, Std Cx 0.273, Norm Pd 4.499
Val Loss 4.664, Sim 0.306, Var Pd 0.780, Cov Pd 13.801, Std Pd 0.219, Std Cx 0.263, Norm Pd 4.498

2026-01-11 13:37:05 | Epoch 013
Tr Loss 1.622, Sim 0.331, Var Pd 0.772, Cov Pd 1.319, Std Pd 0.228, Std Cx 0.269, Norm Pd 4.510
Val Loss 4.626, Sim 0.306, Var Pd 0.779, Cov Pd 13.510, Std Pd 0.220, Std Cx 0.262, Norm Pd 4.513

2026-01-11 13:40:50 | Epoch 014
Tr Loss 1.617, Sim 0.331, Var Pd 0.772, Cov Pd 1.321, Std Pd 0.228, Std Cx 0.269, Norm Pd 4.516
Val Loss 4.569, Sim 0.307, Var Pd 0.779, Cov Pd 13.365, Std Pd 0.221, Std Cx 0.262, Norm Pd 4.520

2026-01-11 13:44:35 | Epoch 015
Tr Loss 1.614, Sim 0.331, Var Pd 0.772, Cov Pd 1.322, Std Pd 0.228, Std Cx 0.271, Norm Pd 4.520
Val Loss 4.513, Sim 0.306, Var Pd 0.778, Cov Pd 13.104, Std Pd 0.222, Std Cx 0.264, Norm Pd 4.546

2026-01-11 13:44:35 | Checkpoint saved | epoch=15 | path=checkpoints/w102/win_seq/cpt_epoch15_w102_edim384.pt
2026-01-11 13:48:20 | Epoch 016
Tr Loss 1.613, Sim 0.330, Var Pd 0.772, Cov Pd 1.324, Std Pd 0.228, Std Cx 0.275, Norm Pd 4.526
Val Loss 4.524, Sim 0.307, Var Pd 0.778, Cov Pd 13.070, Std Pd 0.222, Std Cx 0.269, Norm Pd 4.549

2026-01-11 13:52:06 | Epoch 017
Tr Loss 1.611, Sim 0.330, Var Pd 0.771, Cov Pd 1.325, Std Pd 0.228, Std Cx 0.280, Norm Pd 4.530
Val Loss 4.545, Sim 0.305, Var Pd 0.778, Cov Pd 13.329, Std Pd 0.222, Std Cx 0.274, Norm Pd 4.564

2026-01-11 13:55:51 | Epoch 018
Tr Loss 1.610, Sim 0.329, Var Pd 0.771, Cov Pd 1.325, Std Pd 0.229, Std Cx 0.285, Norm Pd 4.532
Val Loss 4.493, Sim 0.306, Var Pd 0.777, Cov Pd 12.881, Std Pd 0.222, Std Cx 0.279, Norm Pd 4.557

2026-01-11 13:59:36 | Epoch 019
Tr Loss 1.606, Sim 0.329, Var Pd 0.771, Cov Pd 1.327, Std Pd 0.229, Std Cx 0.290, Norm Pd 4.537
Val Loss 4.541, Sim 0.305, Var Pd 0.776, Cov Pd 13.553, Std Pd 0.224, Std Cx 0.284, Norm Pd 4.584

2026-01-11 14:03:22 | Epoch 020
Tr Loss 1.603, Sim 0.329, Var Pd 0.771, Cov Pd 1.329, Std Pd 0.229, Std Cx 0.295, Norm Pd 4.544
Val Loss 4.425, Sim 0.304, Var Pd 0.776, Cov Pd 12.941, Std Pd 0.224, Std Cx 0.290, Norm Pd 4.589

2026-01-11 14:03:22 | Checkpoint saved | epoch=20 | path=checkpoints/w102/win_seq/cpt_epoch20_w102_edim384.pt
2026-01-11 14:07:08 | Epoch 021
Tr Loss 1.600, Sim 0.328, Var Pd 0.770, Cov Pd 1.331, Std Pd 0.229, Std Cx 0.301, Norm Pd 4.549
Val Loss 4.462, Sim 0.303, Var Pd 0.775, Cov Pd 13.348, Std Pd 0.225, Std Cx 0.295, Norm Pd 4.605

2026-01-11 14:10:52 | Epoch 022
Tr Loss 1.598, Sim 0.327, Var Pd 0.770, Cov Pd 1.333, Std Pd 0.230, Std Cx 0.306, Norm Pd 4.554
Val Loss 4.390, Sim 0.302, Var Pd 0.775, Cov Pd 12.944, Std Pd 0.225, Std Cx 0.300, Norm Pd 4.604

2026-01-11 14:14:37 | Epoch 023
Tr Loss 1.596, Sim 0.326, Var Pd 0.770, Cov Pd 1.334, Std Pd 0.230, Std Cx 0.311, Norm Pd 4.559
Val Loss 4.368, Sim 0.301, Var Pd 0.775, Cov Pd 13.453, Std Pd 0.225, Std Cx 0.305, Norm Pd 4.619

2026-01-11 14:18:21 | Epoch 024
Tr Loss 1.595, Sim 0.325, Var Pd 0.770, Cov Pd 1.335, Std Pd 0.230, Std Cx 0.315, Norm Pd 4.562
Val Loss 4.285, Sim 0.301, Var Pd 0.774, Cov Pd 12.966, Std Pd 0.226, Std Cx 0.309, Norm Pd 4.620

2026-01-11 14:22:06 | Epoch 025
Tr Loss 1.594, Sim 0.324, Var Pd 0.770, Cov Pd 1.336, Std Pd 0.230, Std Cx 0.319, Norm Pd 4.567
Val Loss 4.274, Sim 0.300, Var Pd 0.774, Cov Pd 13.074, Std Pd 0.226, Std Cx 0.312, Norm Pd 4.639

2026-01-11 14:22:06 | Checkpoint saved | epoch=25 | path=checkpoints/w102/win_seq/cpt_epoch25_w102_edim384.pt
2026-01-11 14:25:51 | Epoch 026
Tr Loss 1.592, Sim 0.324, Var Pd 0.769, Cov Pd 1.340, Std Pd 0.231, Std Cx 0.322, Norm Pd 4.573
Val Loss 4.303, Sim 0.300, Var Pd 0.773, Cov Pd 13.278, Std Pd 0.227, Std Cx 0.314, Norm Pd 4.646

2026-01-11 14:29:34 | Epoch 027
Tr Loss 1.592, Sim 0.323, Var Pd 0.769, Cov Pd 1.344, Std Pd 0.231, Std Cx 0.323, Norm Pd 4.578
Val Loss 4.300, Sim 0.299, Var Pd 0.773, Cov Pd 13.527, Std Pd 0.227, Std Cx 0.316, Norm Pd 4.653

2026-01-11 14:33:18 | Epoch 028
Tr Loss 1.591, Sim 0.323, Var Pd 0.769, Cov Pd 1.344, Std Pd 0.231, Std Cx 0.325, Norm Pd 4.583
Val Loss 4.229, Sim 0.298, Var Pd 0.773, Cov Pd 13.058, Std Pd 0.227, Std Cx 0.317, Norm Pd 4.656

2026-01-11 14:36:30 | Epoch 029
Tr Loss 1.592, Sim 0.322, Var Pd 0.769, Cov Pd 1.347, Std Pd 0.231, Std Cx 0.327, Norm Pd 4.585
Val Loss 4.238, Sim 0.297, Var Pd 0.772, Cov Pd 13.090, Std Pd 0.228, Std Cx 0.320, Norm Pd 4.684

2026-01-11 14:40:09 | Epoch 030
Tr Loss 1.592, Sim 0.321, Var Pd 0.769, Cov Pd 1.348, Std Pd 0.231, Std Cx 0.330, Norm Pd 4.587
Val Loss 4.206, Sim 0.297, Var Pd 0.772, Cov Pd 12.898, Std Pd 0.228, Std Cx 0.321, Norm Pd 4.683

2026-01-11 14:40:09 | Checkpoint saved | epoch=30 | path=checkpoints/w102/win_seq/cpt_epoch30_w102_edim384.pt
2026-01-11 14:43:21 | Epoch 031
Tr Loss 1.592, Sim 0.321, Var Pd 0.768, Cov Pd 1.350, Std Pd 0.231, Std Cx 0.332, Norm Pd 4.590
Val Loss 4.230, Sim 0.297, Var Pd 0.772, Cov Pd 13.119, Std Pd 0.228, Std Cx 0.324, Norm Pd 4.694

2026-01-11 14:46:51 | Epoch 032
Tr Loss 1.593, Sim 0.320, Var Pd 0.768, Cov Pd 1.351, Std Pd 0.231, Std Cx 0.334, Norm Pd 4.590
Val Loss 4.209, Sim 0.296, Var Pd 0.772, Cov Pd 12.956, Std Pd 0.228, Std Cx 0.325, Norm Pd 4.691

2026-01-11 14:50:32 | Epoch 033
Tr Loss 1.592, Sim 0.319, Var Pd 0.768, Cov Pd 1.352, Std Pd 0.231, Std Cx 0.336, Norm Pd 4.592
Val Loss 4.217, Sim 0.297, Var Pd 0.773, Cov Pd 13.010, Std Pd 0.226, Std Cx 0.327, Norm Pd 4.668

2026-01-11 14:54:17 | Epoch 034
Tr Loss 1.594, Sim 0.319, Var Pd 0.769, Cov Pd 1.353, Std Pd 0.231, Std Cx 0.337, Norm Pd 4.589
Val Loss 4.264, Sim 0.295, Var Pd 0.772, Cov Pd 13.310, Std Pd 0.227, Std Cx 0.329, Norm Pd 4.701

2026-01-11 14:58:02 | Epoch 035
Tr Loss 1.595, Sim 0.318, Var Pd 0.769, Cov Pd 1.353, Std Pd 0.231, Std Cx 0.339, Norm Pd 4.588
Val Loss 4.241, Sim 0.294, Var Pd 0.773, Cov Pd 13.051, Std Pd 0.227, Std Cx 0.330, Norm Pd 4.688

2026-01-11 14:58:02 | Checkpoint saved | epoch=35 | path=checkpoints/w102/win_seq/cpt_epoch35_w102_edim384.pt
2026-01-11 15:01:47 | Epoch 036
Tr Loss 1.598, Sim 0.317, Var Pd 0.769, Cov Pd 1.354, Std Pd 0.231, Std Cx 0.340, Norm Pd 4.588
Val Loss 4.240, Sim 0.294, Var Pd 0.773, Cov Pd 13.098, Std Pd 0.227, Std Cx 0.332, Norm Pd 4.711

2026-01-11 15:05:32 | Epoch 037
Tr Loss 1.599, Sim 0.316, Var Pd 0.769, Cov Pd 1.354, Std Pd 0.231, Std Cx 0.342, Norm Pd 4.589
Val Loss 4.246, Sim 0.294, Var Pd 0.773, Cov Pd 13.182, Std Pd 0.227, Std Cx 0.332, Norm Pd 4.712

2026-01-11 15:09:17 | Epoch 038
Tr Loss 1.600, Sim 0.316, Var Pd 0.769, Cov Pd 1.354, Std Pd 0.231, Std Cx 0.343, Norm Pd 4.591
Val Loss 4.205, Sim 0.294, Var Pd 0.773, Cov Pd 12.882, Std Pd 0.227, Std Cx 0.334, Norm Pd 4.714

2026-01-11 15:13:01 | Epoch 039
Tr Loss 1.601, Sim 0.315, Var Pd 0.769, Cov Pd 1.354, Std Pd 0.231, Std Cx 0.344, Norm Pd 4.592
Val Loss 4.205, Sim 0.293, Var Pd 0.773, Cov Pd 12.864, Std Pd 0.227, Std Cx 0.336, Norm Pd 4.718

2026-01-11 15:16:41 | Epoch 040
Tr Loss 1.604, Sim 0.315, Var Pd 0.769, Cov Pd 1.354, Std Pd 0.231, Std Cx 0.345, Norm Pd 4.595
Val Loss 4.198, Sim 0.292, Var Pd 0.773, Cov Pd 12.845, Std Pd 0.227, Std Cx 0.336, Norm Pd 4.725

2026-01-11 15:16:41 | Checkpoint saved | epoch=40 | path=checkpoints/w102/win_seq/cpt_epoch40_w102_edim384.pt
2026-01-11 15:20:23 | Epoch 041
Tr Loss 1.605, Sim 0.314, Var Pd 0.769, Cov Pd 1.354, Std Pd 0.231, Std Cx 0.346, Norm Pd 4.598
Val Loss 4.135, Sim 0.291, Var Pd 0.772, Cov Pd 12.414, Std Pd 0.227, Std Cx 0.338, Norm Pd 4.747

2026-01-11 15:24:01 | Epoch 042
Tr Loss 1.608, Sim 0.314, Var Pd 0.769, Cov Pd 1.354, Std Pd 0.231, Std Cx 0.347, Norm Pd 4.599
Val Loss 4.129, Sim 0.291, Var Pd 0.773, Cov Pd 12.396, Std Pd 0.227, Std Cx 0.339, Norm Pd 4.734

2026-01-11 15:27:39 | Epoch 043
Tr Loss 1.612, Sim 0.313, Var Pd 0.769, Cov Pd 1.353, Std Pd 0.231, Std Cx 0.348, Norm Pd 4.599
Val Loss 4.137, Sim 0.291, Var Pd 0.774, Cov Pd 12.424, Std Pd 0.226, Std Cx 0.339, Norm Pd 4.730

2026-01-11 15:31:18 | Epoch 044
Tr Loss 1.616, Sim 0.313, Var Pd 0.769, Cov Pd 1.353, Std Pd 0.231, Std Cx 0.349, Norm Pd 4.602
Val Loss 4.135, Sim 0.291, Var Pd 0.774, Cov Pd 12.396, Std Pd 0.226, Std Cx 0.340, Norm Pd 4.743

2026-01-11 15:34:58 | Epoch 045
Tr Loss 1.623, Sim 0.313, Var Pd 0.769, Cov Pd 1.352, Std Pd 0.231, Std Cx 0.349, Norm Pd 4.600
Val Loss 4.130, Sim 0.291, Var Pd 0.774, Cov Pd 12.291, Std Pd 0.226, Std Cx 0.341, Norm Pd 4.745

2026-01-11 15:34:58 | Checkpoint saved | epoch=45 | path=checkpoints/w102/win_seq/cpt_epoch45_w102_edim384.pt
2026-01-11 15:38:42 | Epoch 046
Tr Loss 1.627, Sim 0.312, Var Pd 0.769, Cov Pd 1.351, Std Pd 0.231, Std Cx 0.350, Norm Pd 4.599
Val Loss 4.146, Sim 0.291, Var Pd 0.775, Cov Pd 12.371, Std Pd 0.225, Std Cx 0.341, Norm Pd 4.729

2026-01-11 15:42:22 | Epoch 047
Tr Loss 1.635, Sim 0.312, Var Pd 0.769, Cov Pd 1.352, Std Pd 0.231, Std Cx 0.350, Norm Pd 4.600
Val Loss 4.140, Sim 0.290, Var Pd 0.775, Cov Pd 12.265, Std Pd 0.224, Std Cx 0.342, Norm Pd 4.729

2026-01-11 15:46:04 | Epoch 048
Tr Loss 1.648, Sim 0.311, Var Pd 0.769, Cov Pd 1.351, Std Pd 0.231, Std Cx 0.350, Norm Pd 4.600
Val Loss 4.161, Sim 0.290, Var Pd 0.775, Cov Pd 12.217, Std Pd 0.224, Std Cx 0.342, Norm Pd 4.737

2026-01-11 15:49:43 | Epoch 049
Tr Loss 1.666, Sim 0.311, Var Pd 0.769, Cov Pd 1.351, Std Pd 0.231, Std Cx 0.350, Norm Pd 4.601
Val Loss 4.146, Sim 0.290, Var Pd 0.776, Cov Pd 12.098, Std Pd 0.224, Std Cx 0.341, Norm Pd 4.738

2026-01-11 15:53:25 | Epoch 050
Tr Loss 1.678, Sim 0.311, Var Pd 0.769, Cov Pd 1.350, Std Pd 0.230, Std Cx 0.350, Norm Pd 4.598
Val Loss 4.130, Sim 0.289, Var Pd 0.776, Cov Pd 12.007, Std Pd 0.224, Std Cx 0.341, Norm Pd 4.734

2026-01-11 15:53:25 | Checkpoint saved | epoch=50 | path=checkpoints/w102/win_seq/cpt_epoch50_w102_edim384.pt
2026-01-11 15:57:10 | Epoch 051
Tr Loss 1.689, Sim 0.310, Var Pd 0.769, Cov Pd 1.350, Std Pd 0.231, Std Cx 0.350, Norm Pd 4.600
Val Loss 4.151, Sim 0.289, Var Pd 0.776, Cov Pd 11.897, Std Pd 0.224, Std Cx 0.343, Norm Pd 4.729

2026-01-11 16:00:48 | Epoch 052
Tr Loss 1.712, Sim 0.310, Var Pd 0.769, Cov Pd 1.349, Std Pd 0.231, Std Cx 0.351, Norm Pd 4.601
Val Loss 4.159, Sim 0.289, Var Pd 0.777, Cov Pd 11.881, Std Pd 0.223, Std Cx 0.343, Norm Pd 4.715

2026-01-11 16:04:32 | Epoch 053
Tr Loss 1.728, Sim 0.310, Var Pd 0.769, Cov Pd 1.348, Std Pd 0.230, Std Cx 0.351, Norm Pd 4.600
Val Loss 4.172, Sim 0.289, Var Pd 0.777, Cov Pd 11.835, Std Pd 0.222, Std Cx 0.343, Norm Pd 4.708

2026-01-11 16:08:16 | Epoch 054
Tr Loss 1.750, Sim 0.309, Var Pd 0.769, Cov Pd 1.348, Std Pd 0.230, Std Cx 0.352, Norm Pd 4.599
Val Loss 4.239, Sim 0.288, Var Pd 0.778, Cov Pd 12.082, Std Pd 0.222, Std Cx 0.344, Norm Pd 4.708

2026-01-11 16:12:01 | Epoch 055
Tr Loss 1.769, Sim 0.309, Var Pd 0.770, Cov Pd 1.348, Std Pd 0.230, Std Cx 0.352, Norm Pd 4.596
Val Loss 4.214, Sim 0.288, Var Pd 0.777, Cov Pd 11.895, Std Pd 0.223, Std Cx 0.345, Norm Pd 4.731

2026-01-11 16:12:01 | Checkpoint saved | epoch=55 | path=checkpoints/w102/win_seq/cpt_epoch55_w102_edim384.pt
2026-01-11 16:15:45 | Epoch 056
Tr Loss 1.793, Sim 0.309, Var Pd 0.770, Cov Pd 1.347, Std Pd 0.230, Std Cx 0.353, Norm Pd 4.598
Val Loss 4.257, Sim 0.289, Var Pd 0.778, Cov Pd 11.954, Std Pd 0.221, Std Cx 0.345, Norm Pd 4.706

2026-01-11 16:19:30 | Epoch 057
Tr Loss 1.811, Sim 0.309, Var Pd 0.770, Cov Pd 1.347, Std Pd 0.230, Std Cx 0.354, Norm Pd 4.598
Val Loss 4.258, Sim 0.289, Var Pd 0.778, Cov Pd 11.888, Std Pd 0.221, Std Cx 0.347, Norm Pd 4.706

2026-01-11 16:23:14 | Epoch 058
Tr Loss 1.829, Sim 0.309, Var Pd 0.770, Cov Pd 1.345, Std Pd 0.230, Std Cx 0.355, Norm Pd 4.596
Val Loss 4.242, Sim 0.287, Var Pd 0.779, Cov Pd 11.804, Std Pd 0.221, Std Cx 0.347, Norm Pd 4.704

2026-01-11 16:26:59 | Epoch 059
Tr Loss 1.838, Sim 0.309, Var Pd 0.770, Cov Pd 1.345, Std Pd 0.230, Std Cx 0.355, Norm Pd 4.595
Val Loss 4.251, Sim 0.289, Var Pd 0.779, Cov Pd 11.718, Std Pd 0.221, Std Cx 0.349, Norm Pd 4.698

2026-01-11 16:30:45 | Epoch 060
Tr Loss 1.856, Sim 0.308, Var Pd 0.770, Cov Pd 1.344, Std Pd 0.230, Std Cx 0.357, Norm Pd 4.598
Val Loss 4.302, Sim 0.288, Var Pd 0.779, Cov Pd 11.888, Std Pd 0.221, Std Cx 0.349, Norm Pd 4.703

2026-01-11 16:30:45 | Checkpoint saved | epoch=60 | path=checkpoints/w102/win_seq/cpt_epoch60_w102_edim384.pt
2026-01-11 16:34:32 | Epoch 061
Tr Loss 1.877, Sim 0.308, Var Pd 0.770, Cov Pd 1.345, Std Pd 0.230, Std Cx 0.358, Norm Pd 4.597
Val Loss 4.327, Sim 0.288, Var Pd 0.780, Cov Pd 11.988, Std Pd 0.220, Std Cx 0.351, Norm Pd 4.688

2026-01-11 16:38:18 | Epoch 062
Tr Loss 1.901, Sim 0.308, Var Pd 0.770, Cov Pd 1.343, Std Pd 0.230, Std Cx 0.359, Norm Pd 4.597
Val Loss 4.339, Sim 0.287, Var Pd 0.778, Cov Pd 11.894, Std Pd 0.221, Std Cx 0.353, Norm Pd 4.711

2026-01-11 16:42:05 | Epoch 063
Tr Loss 1.913, Sim 0.308, Var Pd 0.770, Cov Pd 1.342, Std Pd 0.230, Std Cx 0.361, Norm Pd 4.598
Val Loss 4.360, Sim 0.288, Var Pd 0.779, Cov Pd 12.028, Std Pd 0.220, Std Cx 0.355, Norm Pd 4.696

2026-01-11 16:45:52 | Epoch 064
Tr Loss 1.917, Sim 0.308, Var Pd 0.770, Cov Pd 1.341, Std Pd 0.230, Std Cx 0.362, Norm Pd 4.599
Val Loss 4.399, Sim 0.288, Var Pd 0.779, Cov Pd 12.062, Std Pd 0.220, Std Cx 0.356, Norm Pd 4.693

2026-01-11 16:49:38 | Epoch 065
Tr Loss 1.925, Sim 0.308, Var Pd 0.770, Cov Pd 1.341, Std Pd 0.230, Std Cx 0.363, Norm Pd 4.599
Val Loss 4.366, Sim 0.288, Var Pd 0.779, Cov Pd 11.818, Std Pd 0.220, Std Cx 0.357, Norm Pd 4.695

2026-01-11 16:49:38 | Checkpoint saved | epoch=65 | path=checkpoints/w102/win_seq/cpt_epoch65_w102_edim384.pt
2026-01-11 16:53:23 | Epoch 066
Tr Loss 1.934, Sim 0.308, Var Pd 0.770, Cov Pd 1.339, Std Pd 0.230, Std Cx 0.364, Norm Pd 4.601
Val Loss 4.388, Sim 0.287, Var Pd 0.779, Cov Pd 11.994, Std Pd 0.220, Std Cx 0.358, Norm Pd 4.698

2026-01-11 16:57:07 | Epoch 067
Tr Loss 1.943, Sim 0.307, Var Pd 0.770, Cov Pd 1.339, Std Pd 0.230, Std Cx 0.365, Norm Pd 4.601
Val Loss 4.379, Sim 0.287, Var Pd 0.779, Cov Pd 11.832, Std Pd 0.220, Std Cx 0.359, Norm Pd 4.698

2026-01-11 17:00:46 | Epoch 068
Tr Loss 1.948, Sim 0.307, Var Pd 0.770, Cov Pd 1.337, Std Pd 0.230, Std Cx 0.366, Norm Pd 4.600
Val Loss 4.409, Sim 0.287, Var Pd 0.779, Cov Pd 12.091, Std Pd 0.220, Std Cx 0.360, Norm Pd 4.700

2026-01-11 17:04:21 | Epoch 069
Tr Loss 1.949, Sim 0.307, Var Pd 0.770, Cov Pd 1.337, Std Pd 0.230, Std Cx 0.367, Norm Pd 4.598
Val Loss 4.364, Sim 0.287, Var Pd 0.779, Cov Pd 11.806, Std Pd 0.220, Std Cx 0.360, Norm Pd 4.699

2026-01-11 17:07:53 | Epoch 070
Tr Loss 1.947, Sim 0.307, Var Pd 0.770, Cov Pd 1.335, Std Pd 0.230, Std Cx 0.367, Norm Pd 4.597
Val Loss 4.377, Sim 0.288, Var Pd 0.780, Cov Pd 11.882, Std Pd 0.220, Std Cx 0.361, Norm Pd 4.690

2026-01-11 17:07:53 | Checkpoint saved | epoch=70 | path=checkpoints/w102/win_seq/cpt_epoch70_w102_edim384.pt
2026-01-11 17:11:25 | Epoch 071
Tr Loss 1.952, Sim 0.307, Var Pd 0.770, Cov Pd 1.335, Std Pd 0.229, Std Cx 0.367, Norm Pd 4.595
Val Loss 4.394, Sim 0.288, Var Pd 0.780, Cov Pd 11.964, Std Pd 0.220, Std Cx 0.362, Norm Pd 4.692

2026-01-11 17:15:12 | Epoch 072
Tr Loss 1.958, Sim 0.307, Var Pd 0.770, Cov Pd 1.333, Std Pd 0.230, Std Cx 0.367, Norm Pd 4.599
Val Loss 4.413, Sim 0.287, Var Pd 0.780, Cov Pd 12.001, Std Pd 0.220, Std Cx 0.362, Norm Pd 4.696

2026-01-11 17:18:58 | Epoch 073
Tr Loss 1.962, Sim 0.307, Var Pd 0.770, Cov Pd 1.332, Std Pd 0.230, Std Cx 0.367, Norm Pd 4.602
Val Loss 4.438, Sim 0.287, Var Pd 0.780, Cov Pd 12.151, Std Pd 0.220, Std Cx 0.360, Norm Pd 4.699

2026-01-11 17:22:40 | Epoch 074
Tr Loss 1.967, Sim 0.307, Var Pd 0.770, Cov Pd 1.331, Std Pd 0.230, Std Cx 0.366, Norm Pd 4.604
Val Loss 4.439, Sim 0.287, Var Pd 0.780, Cov Pd 12.003, Std Pd 0.220, Std Cx 0.360, Norm Pd 4.708

2026-01-11 17:26:19 | Epoch 075
Tr Loss 1.971, Sim 0.307, Var Pd 0.770, Cov Pd 1.331, Std Pd 0.229, Std Cx 0.365, Norm Pd 4.604
Val Loss 4.439, Sim 0.288, Var Pd 0.780, Cov Pd 12.040, Std Pd 0.219, Std Cx 0.358, Norm Pd 4.701

2026-01-11 17:26:19 | Checkpoint saved | epoch=75 | path=checkpoints/w102/win_seq/cpt_epoch75_w102_edim384.pt
2026-01-11 17:30:02 | Epoch 076
Tr Loss 1.977, Sim 0.307, Var Pd 0.771, Cov Pd 1.330, Std Pd 0.229, Std Cx 0.364, Norm Pd 4.604
Val Loss 4.456, Sim 0.288, Var Pd 0.780, Cov Pd 12.098, Std Pd 0.219, Std Cx 0.359, Norm Pd 4.706

2026-01-11 17:33:43 | Epoch 077
Tr Loss 1.982, Sim 0.307, Var Pd 0.771, Cov Pd 1.329, Std Pd 0.229, Std Cx 0.364, Norm Pd 4.605
Val Loss 4.477, Sim 0.288, Var Pd 0.781, Cov Pd 12.188, Std Pd 0.219, Std Cx 0.358, Norm Pd 4.700

2026-01-11 17:37:28 | Epoch 078
Tr Loss 1.990, Sim 0.307, Var Pd 0.771, Cov Pd 1.328, Std Pd 0.229, Std Cx 0.363, Norm Pd 4.605
Val Loss 4.474, Sim 0.288, Var Pd 0.781, Cov Pd 12.190, Std Pd 0.219, Std Cx 0.357, Norm Pd 4.707

2026-01-11 17:41:16 | Epoch 079
Tr Loss 1.998, Sim 0.308, Var Pd 0.771, Cov Pd 1.326, Std Pd 0.228, Std Cx 0.363, Norm Pd 4.605
Val Loss 4.477, Sim 0.288, Var Pd 0.781, Cov Pd 12.221, Std Pd 0.218, Std Cx 0.357, Norm Pd 4.706

2026-01-11 17:44:59 | Epoch 080
Tr Loss 2.006, Sim 0.308, Var Pd 0.772, Cov Pd 1.325, Std Pd 0.228, Std Cx 0.362, Norm Pd 4.604
Val Loss 4.480, Sim 0.288, Var Pd 0.782, Cov Pd 12.155, Std Pd 0.218, Std Cx 0.357, Norm Pd 4.710

2026-01-11 17:44:59 | Checkpoint saved | epoch=80 | path=checkpoints/w102/win_seq/cpt_epoch80_w102_edim384.pt
2026-01-11 17:48:45 | Epoch 081
Tr Loss 2.016, Sim 0.308, Var Pd 0.772, Cov Pd 1.323, Std Pd 0.228, Std Cx 0.361, Norm Pd 4.605
Val Loss 4.494, Sim 0.289, Var Pd 0.782, Cov Pd 12.197, Std Pd 0.217, Std Cx 0.355, Norm Pd 4.701

