2026-01-17 12:55:23 | ==================== METRICS ====================
2026-01-17 12:55:23 | Overall Accuracy: 93.2671%
2026-01-17 12:55:23 | Confusion Matrix:
[[569,   3,   2,   0,   0,   0,   1,   0,   0,   0,   1,   2],
 [  4, 550,   9,   2,   0,   0,   0,   0,   0,   0,   1,   0],
 [  5,   5, 521,   0,   0,   0,   0,   0,   0,   0,   5,   0],
 [  0,   0,   0, 596,  54,   0,   7,   1,   2,   5,   0,   1],
 [  0,   0,   1,  55, 612,   0,   3,   2,   0,   0,   6,   0],
 [  0,   1,   0,   0,   0, 694,   0,   0,   4,   0,   1,   6],
 [  0,   0,   0,   1,   4,   0,  41,   1,   0,   0,   1,   0],
 [  0,   0,   0,   1,   3,   0,   1,  31,   0,   0,   0,   0],
 [  0,   0,   0,   1,   0,   4,   2,   3,  31,   0,  17,   0],
 [  0,   0,   0,   2,   0,   3,   0,   0,   0,  36,   0,   5],
 [  0,   0,   0,   2,   0,   0,   1,   0,   5,   0,  43,   0],
 [  1,   1,   2,   1,   0,   4,   0,   0,   0,  15,   1,  30]]
2026-01-17 12:55:23 | Classification Report:
              precision    recall  f1-score   support

         0.0       0.98      0.98      0.98       578
         1.0       0.98      0.97      0.98       566
         2.0       0.97      0.97      0.97       536
         3.0       0.90      0.89      0.90       666
         4.0       0.91      0.90      0.91       679
         5.0       0.98      0.98      0.98       706
         6.0       0.73      0.85      0.79        48
         7.0       0.82      0.86      0.84        36
         8.0       0.74      0.53      0.62        58
         9.0       0.64      0.78      0.71        46
        10.0       0.57      0.84      0.68        51
        11.0       0.68      0.55      0.61        55

    accuracy                           0.93      4025
   macro avg       0.83      0.84      0.83      4025
weighted avg       0.93      0.93      0.93      4025

2026-01-17 12:55:23 | ==================================================

