2026-04-10 11:00:47 | enc_lr: 0.0007
2026-04-10 11:00:47 | clf_lr: 0.001
2026-04-10 11:00:47 | Encoder: cpt_epoch25_w102_edim440.pt
2026-04-10 11:00:47 | Loading best model: checkpoints_clf/SBHARPT/w102/stage2_conv6_e440/best_model_stage2_epoch90.pt
2026-04-10 11:00:47 | ==================== METRICS ====================
2026-04-10 11:00:47 | Overall Accuracy: 93.0186%
2026-04-10 11:00:47 | Confusion Matrix:
[[577,   0,   1,   0,   0,   0,   0,   0,   0,   0,   0,   0],
 [  5, 551,   9,   0,   1,   0,   0,   0,   0,   0,   0,   0],
 [  2,   2, 532,   0,   0,   0,   0,   0,   0,   0,   0,   0],
 [  0,   0,   1, 608,  51,   0,   1,   1,   0,   3,   1,   0],
 [  1,   0,   0,  77, 600,   0,   0,   0,   0,   0,   1,   0],
 [  0,   0,   0,   0,   2, 679,   5,  17,   0,   0,   2,   1],
 [  1,   0,   0,   7,   8,   0,  31,   0,   0,   1,   0,   0],
 [  0,   0,   0,   5,   4,   0,   0,  27,   0,   0,   0,   0],
 [  0,   0,   0,   2,   1,   6,   0,   3,  32,   0,  14,   0],
 [  0,   0,   0,   5,   0,   4,   0,   0,   0,  32,   0,   5],
 [  0,   0,   0,   2,   1,   2,   0,   0,   7,   0,  39,   0],
 [  5,   1,   0,   1,   1,   3,   0,   0,   0,   8,   0,  36]]
2026-04-10 11:00:47 | Classification Report:
              precision    recall  f1-score   support

         0.0       0.98      1.00      0.99       578
         1.0       0.99      0.97      0.98       566
         2.0       0.98      0.99      0.99       536
         3.0       0.86      0.91      0.89       666
         4.0       0.90      0.88      0.89       679
         5.0       0.98      0.96      0.97       706
         6.0       0.84      0.65      0.73        48
         7.0       0.56      0.75      0.64        36
         8.0       0.82      0.55      0.66        58
         9.0       0.73      0.70      0.71        46
        10.0       0.68      0.76      0.72        51
        11.0       0.86      0.65      0.74        55

    accuracy                           0.93      4025
   macro avg       0.85      0.82      0.83      4025
weighted avg       0.93      0.93      0.93      4025

2026-04-10 11:00:47 | ==================================================

