2026-01-19 18:52:15 | ==================== METRICS ====================
2026-01-19 18:52:15 | Overall Accuracy: 83.6522%
2026-01-19 18:52:15 | Confusion Matrix:
[[538,   7,  29,   0,   0,   0,   1,   0,   0,   1,   0,   2],
 [ 55, 494,  16,   0,   0,   0,   0,   0,   0,   0,   1,   0],
 [235,  10, 291,   0,   0,   0,   0,   0,   0,   0,   0,   0],
 [  0,   0,   0, 606,  51,   1,   3,   0,   0,   4,   1,   0],
 [  0,   2,   0,  90, 585,   0,   1,   0,   1,   0,   0,   0],
 [  0,   0,   0,   0,   2, 703,   0,   0,   0,   0,   1,   0],
 [  0,   5,   0,   7,  10,   0,  22,   0,   0,   0,   4,   0],
 [  0,   4,   0,   7,   4,   0,   4,  15,   1,   1,   0,   0],
 [  0,   0,   0,   1,   2,   5,   2,   2,  28,   0,  18,   0],
 [  0,   0,   0,   4,   0,   7,   0,   0,   0,  35,   0,   0],
 [  0,   5,   1,   2,   0,   1,   0,   0,   7,   0,  35,   0],
 [  1,   2,   1,   0,   0,   6,   0,   0,   0,  30,   0,  15]]
2026-01-19 18:52:15 | Classification Report:
              precision    recall  f1-score   support

         0.0       0.65      0.93      0.76       578
         1.0       0.93      0.87      0.90       566
         2.0       0.86      0.54      0.67       536
         3.0       0.85      0.91      0.88       666
         4.0       0.89      0.86      0.88       679
         5.0       0.97      1.00      0.98       706
         6.0       0.67      0.46      0.54        48
         7.0       0.88      0.42      0.57        36
         8.0       0.76      0.48      0.59        58
         9.0       0.49      0.76      0.60        46
        10.0       0.58      0.69      0.63        51
        11.0       0.88      0.27      0.42        55

    accuracy                           0.84      4025
   macro avg       0.79      0.68      0.70      4025
weighted avg       0.85      0.84      0.83      4025

2026-01-19 18:52:15 | ==================================================

