2026-04-08 02:25:19 | enc_lr: 0.0003
2026-04-08 02:25:19 | clf_lr: 0.001
2026-04-08 02:25:19 | Encoder: cpt_epoch100_w102_edim384.pt
2026-04-08 02:25:19 | Loading best model: checkpoints_clf/SBHARPT/w102/stage2_conv5_e384/best_model_stage2_epoch100.pt
2026-04-08 02:25:19 | ==================== METRICS ====================
2026-04-08 02:25:19 | Overall Accuracy: 91.1056%
2026-04-08 02:25:19 | Confusion Matrix:
[[577,   0,   1,   0,   0,   0,   0,   0,   0,   0,   0,   0],
 [  0, 552,  13,   1,   0,   0,   0,   0,   0,   0,   0,   0],
 [  0,   4, 532,   0,   0,   0,   0,   0,   0,   0,   0,   0],
 [  0,   1,   0, 600,  59,   1,   2,   0,   0,   3,   0,   0],
 [  0,   0,   1, 132, 542,   0,   1,   0,   3,   0,   0,   0],
 [  0,   1,   0,   0,   0, 703,   0,   0,   0,   1,   1,   0],
 [  0,   0,   0,   7,   8,   0,  33,   0,   0,   0,   0,   0],
 [  0,   0,   0,   7,   5,   0,   2,  22,   0,   0,   0,   0],
 [  0,   0,   0,   5,   1,   5,   0,   2,  25,   0,  20,   0],
 [  1,   0,   0,   5,   1,   9,   0,   0,   0,  22,   0,   8],
 [  0,   0,   1,   3,   1,   3,   0,   0,   6,   0,  37,   0],
 [  6,   0,   0,   1,   3,   7,   0,   0,   0,  16,   0,  22]]
2026-04-08 02:25:19 | Classification Report:
              precision    recall  f1-score   support

         0.0       0.99      1.00      0.99       578
         1.0       0.99      0.98      0.98       566
         2.0       0.97      0.99      0.98       536
         3.0       0.79      0.90      0.84       666
         4.0       0.87      0.80      0.83       679
         5.0       0.97      1.00      0.98       706
         6.0       0.87      0.69      0.77        48
         7.0       0.92      0.61      0.73        36
         8.0       0.74      0.43      0.54        58
         9.0       0.52      0.48      0.50        46
        10.0       0.64      0.73      0.68        51
        11.0       0.73      0.40      0.52        55

    accuracy                           0.91      4025
   macro avg       0.83      0.75      0.78      4025
weighted avg       0.91      0.91      0.91      4025

2026-04-08 02:25:19 | ==================================================

