2026-01-19 19:07:28 | ==================== METRICS ====================
2026-01-19 19:07:28 | Overall Accuracy: 84.4224%
2026-01-19 19:07:28 | Confusion Matrix:
[[539,   5,  32,   0,   0,   0,   0,   0,   0,   0,   0,   2],
 [ 41, 510,  12,   2,   0,   0,   1,   0,   0,   0,   0,   0],
 [206,  17, 313,   0,   0,   0,   0,   0,   0,   0,   0,   0],
 [  0,   0,   0, 607,  52,   0,   2,   0,   0,   4,   1,   0],
 [  0,   1,   1, 115, 559,   0,   2,   0,   1,   0,   0,   0],
 [  0,   0,   0,   0,   2, 697,   0,   0,   0,   0,   2,   5],
 [  0,   4,   0,   7,   8,   0,  26,   0,   0,   0,   3,   0],
 [  0,   0,   0,   6,   2,   0,   3,  24,   0,   1,   0,   0],
 [  0,   0,   0,   2,   1,   4,   0,   3,  34,   0,  14,   0],
 [  0,   0,   0,   4,   0,   5,   0,   0,   0,  30,   1,   6],
 [  0,   3,   1,   2,   0,   1,   0,   0,  12,   0,  32,   0],
 [  1,   2,   1,   2,   0,   5,   0,   0,   0,  17,   0,  27]]
2026-01-19 19:07:28 | Classification Report:
              precision    recall  f1-score   support

         0.0       0.68      0.93      0.79       578
         1.0       0.94      0.90      0.92       566
         2.0       0.87      0.58      0.70       536
         3.0       0.81      0.91      0.86       666
         4.0       0.90      0.82      0.86       679
         5.0       0.98      0.99      0.98       706
         6.0       0.76      0.54      0.63        48
         7.0       0.89      0.67      0.76        36
         8.0       0.72      0.59      0.65        58
         9.0       0.58      0.65      0.61        46
        10.0       0.60      0.63      0.62        51
        11.0       0.68      0.49      0.57        55

    accuracy                           0.84      4025
   macro avg       0.78      0.73      0.75      4025
weighted avg       0.85      0.84      0.84      4025

2026-01-19 19:07:28 | ==================================================

