2026-04-10 10:40:50 | clf_lr: 0.001
2026-04-10 10:40:50 | Encoder: cpt_epoch25_w102_edim440.pt
2026-04-10 10:40:50 | Loading best model: checkpoints_clf/SBHARPT/w102/stage1_conv6_e440/best_model_stage1_epoch80.pt
2026-04-10 10:40:50 | ==================== METRICS ====================
2026-04-10 10:40:50 | Overall Accuracy: 82.6584%
2026-04-10 10:40:50 | Confusion Matrix:
[[566,   2,   7,   0,   0,   0,   1,   0,   0,   0,   1,   1],
 [ 79, 432,  34,   2,   1,   0,   8,   1,   0,   7,   2,   0],
 [121,   5, 391,   0,   0,   0,   1,   0,   0,   0,  18,   0],
 [  0,   0,   0, 605,  51,   0,   2,   3,   1,   3,   1,   0],
 [  0,   0,   1, 198, 472,   0,   6,   0,   1,   0,   1,   0],
 [  0,   0,   0,   0,   0, 695,  10,   0,   0,   0,   0,   1],
 [  0,   1,   0,   9,  12,   0,  22,   1,   0,   0,   3,   0],
 [  0,   0,   0,   7,   3,   0,   0,  25,   0,   1,   0,   0],
 [  0,   0,   0,   4,   1,   4,   2,   2,  33,   0,  12,   0],
 [  0,   0,   0,   7,   0,   6,   0,   0,   0,  27,   0,   6],
 [  0,   1,   1,   2,   0,   6,   0,   0,  11,   1,  29,   0],
 [  5,   0,   1,   2,   0,   7,   0,   0,   0,  10,   0,  30]]
2026-04-10 10:40:50 | Classification Report:
              precision    recall  f1-score   support

         0.0       0.73      0.98      0.84       578
         1.0       0.98      0.76      0.86       566
         2.0       0.90      0.73      0.81       536
         3.0       0.72      0.91      0.81       666
         4.0       0.87      0.70      0.77       679
         5.0       0.97      0.98      0.98       706
         6.0       0.42      0.46      0.44        48
         7.0       0.78      0.69      0.74        36
         8.0       0.72      0.57      0.63        58
         9.0       0.55      0.59      0.57        46
        10.0       0.43      0.57      0.49        51
        11.0       0.79      0.55      0.65        55

    accuracy                           0.83      4025
   macro avg       0.74      0.71      0.71      4025
weighted avg       0.84      0.83      0.83      4025

2026-04-10 10:40:50 | ==================================================

