2026-01-19 19:03:15 | ==================== METRICS ====================
2026-01-19 19:03:15 | Overall Accuracy: 83.0062%
2026-01-19 19:03:16 | Confusion Matrix:
[[544,  21,  11,   0,   0,   0,   0,   0,   0,   0,   0,   2],
 [ 82, 471,  12,   0,   0,   0,   1,   0,   0,   0,   0,   0],
 [224,  11, 301,   0,   0,   0,   0,   0,   0,   0,   0,   0],
 [  0,   0,   0, 603,  52,   1,   3,   0,   1,   6,   0,   0],
 [  0,   0,   1, 128, 547,   0,   3,   0,   0,   0,   0,   0],
 [  0,   0,   0,   0,   1, 694,   0,   0,   3,   0,   4,   4],
 [  0,   2,   0,   7,   9,   0,  27,   0,   0,   0,   3,   0],
 [  0,   0,   0,   6,   2,   0,   0,  28,   0,   0,   0,   0],
 [  0,   0,   0,   0,   1,   5,   0,   3,  37,   0,  12,   0],
 [  0,   0,   0,   4,   0,   4,   0,   0,   0,  34,   0,   4],
 [  0,   3,   1,   2,   0,   2,   0,   0,  11,   0,  32,   0],
 [  0,   0,   4,   0,   0,   4,   1,   0,   0,  23,   0,  23]]
2026-01-19 19:03:16 | Classification Report:
              precision    recall  f1-score   support

         0.0       0.64      0.94      0.76       578
         1.0       0.93      0.83      0.88       566
         2.0       0.91      0.56      0.70       536
         3.0       0.80      0.91      0.85       666
         4.0       0.89      0.81      0.85       679
         5.0       0.98      0.98      0.98       706
         6.0       0.77      0.56      0.65        48
         7.0       0.90      0.78      0.84        36
         8.0       0.71      0.64      0.67        58
         9.0       0.54      0.74      0.62        46
        10.0       0.63      0.63      0.63        51
        11.0       0.70      0.42      0.52        55

    accuracy                           0.83      4025
   macro avg       0.78      0.73      0.75      4025
weighted avg       0.85      0.83      0.83      4025

2026-01-19 19:03:16 | ==================================================

