2026-04-12 11:06:28 | clf_lr: 0.001
2026-04-12 11:06:28 | Encoder: cpt_epoch19_w102_edim440.pt
2026-04-12 11:06:28 | Loading best model: checkpoints_clf/SBHARPT/w102/stage1_xformer2_e440/best_model_stage1_epoch85.pt
2026-04-12 11:06:28 | ==================== METRICS ====================
2026-04-12 11:06:28 | Overall Accuracy: 86.0373%
2026-04-12 11:06:28 | Confusion Matrix:
[[564,  10,   1,   0,   1,   0,   0,   0,   0,   1,   0,   1],
 [ 88, 455,  23,   0,   0,   0,   0,   0,   0,   0,   0,   0],
 [122,  26, 388,   0,   0,   0,   0,   0,   0,   0,   0,   0],
 [  0,   0,   0, 599,  59,   0,   4,   1,   1,   1,   0,   1],
 [  0,   0,   0,  76, 598,   0,   1,   1,   1,   0,   2,   0],
 [  0,   0,   0,   0,  17, 670,   0,   0,   7,   0,   4,   8],
 [  2,   1,   3,   2,   9,   0,  30,   0,   0,   0,   1,   0],
 [  0,   0,   0,   6,   0,   0,   0,  30,   0,   0,   0,   0],
 [  0,   0,   1,   3,   0,   3,   1,   3,  31,   0,  16,   0],
 [  0,   0,   0,   3,   0,   3,   0,   0,   0,  31,   0,   9],
 [  2,   1,   0,   3,   0,   0,   0,   0,  10,   0,  35,   0],
 [  3,   2,   3,   0,   0,   2,   0,   0,   0,  13,   0,  32]]
2026-04-12 11:06:28 | Classification Report:
              precision    recall  f1-score   support

         0.0       0.72      0.98      0.83       578
         1.0       0.92      0.80      0.86       566
         2.0       0.93      0.72      0.81       536
         3.0       0.87      0.90      0.88       666
         4.0       0.87      0.88      0.88       679
         5.0       0.99      0.95      0.97       706
         6.0       0.83      0.62      0.71        48
         7.0       0.86      0.83      0.85        36
         8.0       0.62      0.53      0.57        58
         9.0       0.67      0.67      0.67        46
        10.0       0.60      0.69      0.64        51
        11.0       0.63      0.58      0.60        55

    accuracy                           0.86      4025
   macro avg       0.79      0.76      0.77      4025
weighted avg       0.87      0.86      0.86      4025

2026-04-12 11:06:28 | ==================================================

