93.26708074534162                                                                                    
[[572   2   3   0   0   0   0   0   0   0   0   1]
 [  3 552  11   0   0   0   0   0   0   0   0   0]
 [  3   1 532   0   0   0   0   0   0   0   0   0]
 [  1   0   0 595  54   0   6   2   2   6   0   0]
 [  1   0   1  54 609   0   3   5   1   0   5   0]
 [  0   0   0   0   0 700   0   0   2   0   1   3]
 [  0   1   0   3   3   0  40   1   0   0   0   0]
 [  0   0   0   1   2   0   0  33   0   0   0   0]
 [  0   0   0   1   0   5   3   6  24   0  19   0]
 [  0   0   0   5   0   8   0   0   0  32   0   1]
 [  0   0   1   3   0   3   1   0   5   0  38   0]
 [  4   0   0   0   0   4   1   0   0  19   0  27]]
              precision    recall  f1-score   support

         0.0       0.98      0.99      0.98       578
         1.0       0.99      0.98      0.98       566
         2.0       0.97      0.99      0.98       536
         3.0       0.90      0.89      0.90       666
         4.0       0.91      0.90      0.90       679
         5.0       0.97      0.99      0.98       706
         6.0       0.74      0.83      0.78        48
         7.0       0.70      0.92      0.80        36
         8.0       0.71      0.41      0.52        58
         9.0       0.56      0.70      0.62        46
        10.0       0.60      0.75      0.67        51
        11.0       0.84      0.49      0.62        55

    accuracy                           0.93      4025
   macro avg       0.82      0.82      0.81      4025
weighted avg       0.93      0.93      0.93      4025