2026-01-20 01:52:27 | ==================== METRICS ====================
2026-01-20 01:52:27 | Overall Accuracy: 79.0311%
2026-01-20 01:52:27 | Confusion Matrix:
[[445,  93,  38,   0,   0,   0,   0,   0,   0,   0,   1,   1],
 [ 69, 491,   5,   0,   0,   0,   0,   0,   0,   0,   1,   0],
 [253,  48, 232,   0,   0,   0,   0,   0,   0,   0,   3,   0],
 [  0,   0,   0, 585,  71,   0,   4,   0,   2,   2,   2,   0],
 [  0,   2,   1,  51, 622,   0,   3,   0,   0,   0,   0,   0],
 [  0,   0,   0,   0,  27, 678,   0,   0,   0,   0,   1,   0],
 [  0,  11,   1,   6,  13,   0,  14,   0,   0,   0,   3,   0],
 [  0,   4,   0,   7,   3,   0,   3,  15,   1,   3,   0,   0],
 [  0,   1,   0,   3,   1,   4,   3,   2,  22,   0,  22,   0],
 [  0,   0,   0,   5,   0,  11,   0,   0,   0,  28,   0,   2],
 [  0,   6,   0,   3,   0,   3,   0,   0,   5,   0,  34,   0],
 [  2,   6,   1,   0,   0,   6,   0,   0,   0,  25,   0,  15]]
2026-01-20 01:52:27 | Classification Report:
              precision    recall  f1-score   support

         0.0       0.58      0.77      0.66       578
         1.0       0.74      0.87      0.80       566
         2.0       0.83      0.43      0.57       536
         3.0       0.89      0.88      0.88       666
         4.0       0.84      0.92      0.88       679
         5.0       0.97      0.96      0.96       706
         6.0       0.52      0.29      0.37        48
         7.0       0.88      0.42      0.57        36
         8.0       0.73      0.38      0.50        58
         9.0       0.48      0.61      0.54        46
        10.0       0.51      0.67      0.58        51
        11.0       0.83      0.27      0.41        55

    accuracy                           0.79      4025
   macro avg       0.73      0.62      0.64      4025
weighted avg       0.80      0.79      0.78      4025

2026-01-20 01:52:27 | ==================================================

