2026-04-08 02:18:13 | clf_lr: 0.001
2026-04-08 02:18:13 | Encoder: cpt_epoch100_w102_edim384.pt
2026-04-08 02:18:13 | Loading best model: checkpoints_clf/SBHARPT/w102/stage1_conv5_e384/best_model_stage1_epoch100.pt
2026-04-08 02:18:13 | ==================== METRICS ====================
2026-04-08 02:18:13 | Overall Accuracy: 80.3478%
2026-04-08 02:18:13 | Confusion Matrix:
[[555,   3,  18,   0,   0,   0,   0,   0,   0,   1,   0,   1],
 [238, 310,  18,   0,   0,   0,   0,   0,   0,   0,   0,   0],
 [184,   1, 351,   0,   0,   0,   0,   0,   0,   0,   0,   0],
 [  0,   0,   0, 608,  51,   0,   4,   2,   0,   1,   0,   0],
 [  2,   0,   2, 123, 548,   0,   3,   0,   0,   0,   1,   0],
 [  0,   0,   0,   0,   0, 703,   3,   0,   0,   0,   0,   0],
 [  3,   0,   3,   8,  12,   0,  19,   0,   0,   0,   3,   0],
 [  0,   0,   0,   6,   3,   0,   1,  25,   0,   1,   0,   0],
 [  0,   0,   0,   2,   0,   6,   6,   2,  32,   0,  10,   0],
 [  0,   0,   0,   4,   0,  10,   0,   0,   0,  31,   0,   1],
 [  0,   2,   2,   3,   0,   5,   0,   0,   8,   0,  31,   0],
 [  6,   0,   1,   2,   0,   8,   0,   0,   0,  17,   0,  21]]
2026-04-08 02:18:13 | Classification Report:
              precision    recall  f1-score   support

         0.0       0.56      0.96      0.71       578
         1.0       0.98      0.55      0.70       566
         2.0       0.89      0.65      0.75       536
         3.0       0.80      0.91      0.86       666
         4.0       0.89      0.81      0.85       679
         5.0       0.96      1.00      0.98       706
         6.0       0.53      0.40      0.45        48
         7.0       0.86      0.69      0.77        36
         8.0       0.80      0.55      0.65        58
         9.0       0.61      0.67      0.64        46
        10.0       0.69      0.61      0.65        51
        11.0       0.91      0.38      0.54        55

    accuracy                           0.80      4025
   macro avg       0.79      0.68      0.71      4025
weighted avg       0.84      0.80      0.80      4025

2026-04-08 02:18:13 | ==================================================

