2026-04-10 00:21:23 | clf_lr: 0.001
2026-04-10 00:21:23 | Encoder: cpt_epoch25_w102_edim440.pt
2026-04-10 00:21:23 | Loading best model: checkpoints_clf/SBHARPT/w102/stage1_conv6_e440/best_model_stage1_epoch75.pt
2026-04-10 00:21:23 | ==================== METRICS ====================
2026-04-10 00:21:23 | Overall Accuracy: 81.7391%
2026-04-10 00:21:23 | Confusion Matrix:
[[477,   4,  93,   2,   0,   0,   1,   0,   0,   0,   1,   0],
 [ 41, 456,  31,   9,   2,   0,  14,   7,   0,   6,   0,   0],
 [ 91,   4, 432,   0,   0,   0,   3,   0,   0,   2,   4,   0],
 [  0,   0,   0, 605,  50,   0,   3,   3,   1,   4,   0,   0],
 [  0,   0,   1, 204, 471,   0,   2,   0,   0,   0,   1,   0],
 [  0,   0,   0,   0,   0, 677,  25,   1,   1,   0,   1,   1],
 [  0,   0,   0,   7,  11,   0,  29,   0,   0,   0,   1,   0],
 [  0,   0,   0,   6,   3,   0,   1,  26,   0,   0,   0,   0],
 [  0,   0,   0,   4,   1,   6,   3,   2,  31,   0,  11,   0],
 [  0,   0,   0,   5,   0,   4,   0,   0,   0,  29,   0,   8],
 [  0,   0,   0,   2,   1,   4,   0,   0,  12,   1,  30,   1],
 [  3,   0,   3,   2,   0,   6,   0,   0,   0,  14,   0,  27]]
2026-04-10 00:21:23 | Classification Report:
              precision    recall  f1-score   support

         0.0       0.78      0.83      0.80       578
         1.0       0.98      0.81      0.89       566
         2.0       0.77      0.81      0.79       536
         3.0       0.72      0.91      0.80       666
         4.0       0.87      0.69      0.77       679
         5.0       0.97      0.96      0.97       706
         6.0       0.36      0.60      0.45        48
         7.0       0.67      0.72      0.69        36
         8.0       0.69      0.53      0.60        58
         9.0       0.52      0.63      0.57        46
        10.0       0.61      0.59      0.60        51
        11.0       0.73      0.49      0.59        55

    accuracy                           0.82      4025
   macro avg       0.72      0.71      0.71      4025
weighted avg       0.83      0.82      0.82      4025

2026-04-10 00:21:23 | ==================================================

