2026-02-09 15:39:01 | ==================== METRICS ====================
2026-02-09 15:39:01 | Overall Accuracy: 73.9524%
2026-02-09 15:39:01 | Confusion Matrix:
[[ 575,  204,   51,    8,    4,    0],
 [  29,  792,    2,    0,    4,    0],
 [  60,   14, 1069,  252,    1,    0],
 [   2,    0,  284,  390,    0,    0],
 [   6,   25,    1,    0,   23,    4],
 [  21,   18,    6,    0,   11,   10]]
2026-02-09 15:39:01 | Classification Report:
              precision    recall  f1-score   support

         0.0       0.83      0.68      0.75       842
         1.0       0.75      0.96      0.84       827
         2.0       0.76      0.77      0.76      1396
         3.0       0.60      0.58      0.59       676
         4.0       0.53      0.39      0.45        59
         5.0       0.71      0.15      0.25        66

    accuracy                           0.74      3866
   macro avg       0.70      0.59      0.61      3866
weighted avg       0.74      0.74      0.73      3866

2026-02-09 15:39:01 | ==================================================

