2026-01-20 02:07:55 | ==================== METRICS ====================
2026-01-20 02:07:55 | Overall Accuracy: 81.0186%
2026-01-20 02:07:55 | Confusion Matrix:
[[452,  82,  43,   0,   0,   0,   0,   0,   0,   0,   0,   1],
 [ 59, 498,   8,   0,   0,   0,   0,   0,   0,   0,   1,   0],
 [205,  52, 279,   0,   0,   0,   0,   0,   0,   0,   0,   0],
 [  0,   0,   0, 607,  52,   0,   2,   1,   1,   1,   2,   0],
 [  0,   0,   0, 109, 564,   0,   4,   0,   1,   0,   1,   0],
 [  0,   0,   0,   0,   3, 700,   0,   0,   0,   0,   3,   0],
 [  0,   7,   0,   6,  13,   0,  19,   0,   0,   0,   3,   0],
 [  0,   1,   0,  10,   1,   0,   1,  23,   0,   0,   0,   0],
 [  0,   0,   0,   3,   1,   4,   4,   2,  25,   0,  19,   0],
 [  0,   0,   0,   5,   0,   3,   0,   0,   0,  25,   0,  13],
 [  0,   4,   0,   2,   0,   3,   0,   0,   5,   0,  37,   0],
 [  2,   5,   1,   0,   0,   4,   0,   0,   0,  11,   0,  32]]
2026-01-20 02:07:55 | Classification Report:
              precision    recall  f1-score   support

         0.0       0.63      0.78      0.70       578
         1.0       0.77      0.88      0.82       566
         2.0       0.84      0.52      0.64       536
         3.0       0.82      0.91      0.86       666
         4.0       0.89      0.83      0.86       679
         5.0       0.98      0.99      0.99       706
         6.0       0.63      0.40      0.49        48
         7.0       0.88      0.64      0.74        36
         8.0       0.78      0.43      0.56        58
         9.0       0.68      0.54      0.60        46
        10.0       0.56      0.73      0.63        51
        11.0       0.70      0.58      0.63        55

    accuracy                           0.81      4025
   macro avg       0.76      0.69      0.71      4025
weighted avg       0.82      0.81      0.81      4025

2026-01-20 02:07:55 | ==================================================

