2026-04-09 11:42:34 | clf_lr: 0.001
2026-04-09 11:42:34 | Encoder: cpt_epoch20_w102_edim440.pt
2026-04-09 11:42:34 | Loading best model: checkpoints_clf/SBHARPT/w102/stage1_conv6_e440/best_model_stage1_epoch80.pt
2026-04-09 11:42:34 | ==================== METRICS ====================
2026-04-09 11:42:34 | Overall Accuracy: 83.0559%
2026-04-09 11:42:34 | Confusion Matrix:
[[535,   3,  38,   0,   0,   0,   1,   1,   0,   0,   0,   0],
 [ 48, 477,  14,   3,   0,   0,  11,   8,   0,   5,   0,   0],
 [ 37,   5, 458,   8,   0,   0,   1,   1,   0,   1,  25,   0],
 [  0,   1,   1, 561,  93,   0,   3,   1,   1,   4,   1,   0],
 [  1,   0,   2, 173, 497,   0,   2,   1,   0,   0,   3,   0],
 [  0,   0,   1,   0,   0, 650,  48,   0,   1,   0,   3,   3],
 [  1,   1,   0,   7,  13,   0,  24,   0,   0,   0,   2,   0],
 [  0,   0,   0,   6,   4,   0,   1,  25,   0,   0,   0,   0],
 [  0,   0,   0,   4,   1,   5,   2,   2,  30,   0,  14,   0],
 [  0,   0,   0,   4,   0,   8,   0,   0,   0,  27,   0,   7],
 [  0,   0,   0,   2,   1,   3,   0,   0,  10,   1,  34,   0],
 [  2,   0,   4,   3,   0,   8,   0,   0,   0,  13,   0,  25]]
2026-04-09 11:42:34 | Classification Report:
              precision    recall  f1-score   support

         0.0       0.86      0.93      0.89       578
         1.0       0.98      0.84      0.91       566
         2.0       0.88      0.85      0.87       536
         3.0       0.73      0.84      0.78       666
         4.0       0.82      0.73      0.77       679
         5.0       0.96      0.92      0.94       706
         6.0       0.26      0.50      0.34        48
         7.0       0.64      0.69      0.67        36
         8.0       0.71      0.52      0.60        58
         9.0       0.53      0.59      0.56        46
        10.0       0.41      0.67      0.51        51
        11.0       0.71      0.45      0.56        55

    accuracy                           0.83      4025
   macro avg       0.71      0.71      0.70      4025
weighted avg       0.85      0.83      0.83      4025

2026-04-09 11:42:34 | ==================================================

