2026-01-18 21:50:31 | ==================== METRICS ====================
2026-01-18 21:50:31 | Overall Accuracy: 89.8882%
2026-01-18 21:50:31 | Confusion Matrix:
[[573,   1,   3,   0,   0,   0,   0,   0,   0,   0,   0,   1],
 [ 19, 534,  11,   1,   0,   0,   1,   0,   0,   0,   0,   0],
 [ 17,   3, 516,   0,   0,   0,   0,   0,   0,   0,   0,   0],
 [  0,   0,   0, 606,  53,   0,   2,   2,   0,   3,   0,   0],
 [  0,   0,   0, 165, 508,   0,   2,   2,   1,   0,   1,   0],
 [  0,   0,   0,   0,   1, 691,   0,   0,   6,   0,   2,   6],
 [  0,   0,   0,   3,   6,   0,  34,   3,   0,   0,   2,   0],
 [  0,   0,   0,   3,   1,   0,   0,  32,   0,   0,   0,   0],
 [  0,   0,   0,   2,   1,   1,   1,   3,  45,   0,   5,   0],
 [  0,   0,   0,   5,   0,   2,   0,   0,   0,  37,   0,   2],
 [  0,   0,   0,   2,   1,   0,   1,   0,  21,   0,  26,   0],
 [  5,   0,   1,   0,   1,   4,   0,   0,   0,  28,   0,  16]]
2026-01-18 21:50:31 | Classification Report:
              precision    recall  f1-score   support

         0.0       0.93      0.99      0.96       578
         1.0       0.99      0.94      0.97       566
         2.0       0.97      0.96      0.97       536
         3.0       0.77      0.91      0.83       666
         4.0       0.89      0.75      0.81       679
         5.0       0.99      0.98      0.98       706
         6.0       0.83      0.71      0.76        48
         7.0       0.76      0.89      0.82        36
         8.0       0.62      0.78      0.69        58
         9.0       0.54      0.80      0.65        46
        10.0       0.72      0.51      0.60        51
        11.0       0.64      0.29      0.40        55

    accuracy                           0.90      4025
   macro avg       0.80      0.79      0.79      4025
weighted avg       0.90      0.90      0.90      4025

2026-01-18 21:50:31 | ==================================================

2026-01-18 22:07:49 | ==================== METRICS ====================
2026-01-18 22:07:49 | Overall Accuracy: 92.6460%
2026-01-18 22:07:49 | Confusion Matrix:
[[577,   1,   0,   0,   0,   0,   0,   0,   0,   0,   0,   0],
 [  5, 558,   2,   0,   0,   0,   1,   0,   0,   0,   0,   0],
 [ 23,   4, 509,   0,   0,   0,   0,   0,   0,   0,   0,   0],
 [  0,   0,   0, 602,  56,   1,   2,   0,   0,   5,   0,   0],
 [  0,   0,   0,  92, 581,   0,   2,   0,   2,   0,   2,   0],
 [  0,   0,   0,   0,   1, 692,   0,   0,   4,   1,   2,   6],
 [  0,   0,   0,   6,   3,   0,  39,   0,   0,   0,   0,   0],
 [  0,   0,   0,   6,   1,   0,   0,  29,   0,   0,   0,   0],
 [  0,   0,   0,   1,   2,   3,   0,   2,  40,   0,  10,   0],
 [  0,   0,   0,   5,   0,   3,   0,   0,   0,  35,   0,   3],
 [  0,   0,   0,   3,   0,   0,   0,   0,  11,   0,  37,   0],
 [  6,   1,   3,   0,   0,   3,   0,   0,   0,  12,   0,  30]]
2026-01-18 22:07:49 | Classification Report:
              precision    recall  f1-score   support

         0.0       0.94      1.00      0.97       578
         1.0       0.99      0.99      0.99       566
         2.0       0.99      0.95      0.97       536
         3.0       0.84      0.90      0.87       666
         4.0       0.90      0.86      0.88       679
         5.0       0.99      0.98      0.98       706
         6.0       0.89      0.81      0.85        48
         7.0       0.94      0.81      0.87        36
         8.0       0.70      0.69      0.70        58
         9.0       0.66      0.76      0.71        46
        10.0       0.73      0.73      0.73        51
        11.0       0.77      0.55      0.64        55

    accuracy                           0.93      4025
   macro avg       0.86      0.83      0.85      4025
weighted avg       0.93      0.93      0.93      4025

2026-01-18 22:07:49 | ==================================================

