2026-04-06 10:54:11 | ==================== METRICS ====================
2026-04-06 10:54:11 | Overall Accuracy: 80.6957%
2026-04-06 10:54:11 | Confusion Matrix:
[[556,   5,   4,  12,   0,   0,   0,   0,   0,   0,   0,   1],
 [197, 355,   8,   5,   1,   0,   0,   0,   0,   0,   0,   0],
 [181,   3, 344,   8,   0,   0,   0,   0,   0,   0,   0,   0],
 [  0,   1,   0, 610,  51,   0,   1,   0,   0,   2,   1,   0],
 [  2,   2,   1, 119, 555,   0,   0,   0,   0,   0,   0,   0],
 [  0,   0,   0,   0,   1, 699,   2,   0,   0,   0,   4,   0],
 [  0,   2,   1,   9,  20,   0,  13,   0,   0,   0,   3,   0],
 [  0,   3,   0,  12,   5,   0,   0,  16,   0,   0,   0,   0],
 [  0,   0,   1,   7,   1,   6,   0,   1,  29,   0,  13,   0],
 [  0,   0,   0,   3,   0,  12,   0,   0,   0,  31,   0,   0],
 [  1,   5,   1,   3,   0,   6,   0,   0,   7,   0,  28,   0],
 [  5,   1,   1,   3,   0,  13,   0,   0,   0,  20,   0,  12]]
2026-04-06 10:54:11 | Classification Report:
              precision    recall  f1-score   support

         0.0       0.59      0.96      0.73       578
         1.0       0.94      0.63      0.75       566
         2.0       0.95      0.64      0.77       536
         3.0       0.77      0.92      0.84       666
         4.0       0.88      0.82      0.85       679
         5.0       0.95      0.99      0.97       706
         6.0       0.81      0.27      0.41        48
         7.0       0.94      0.44      0.60        36
         8.0       0.81      0.50      0.62        58
         9.0       0.58      0.67      0.63        46
        10.0       0.57      0.55      0.56        51
        11.0       0.92      0.22      0.35        55

    accuracy                           0.81      4025
   macro avg       0.81      0.63      0.67      4025
weighted avg       0.84      0.81      0.80      4025

2026-04-06 10:54:11 | ==================================================

