2026-04-12 11:28:08 | enc_lr: 0.0005
2026-04-12 11:28:08 | clf_lr: 0.001
2026-04-12 11:28:08 | Encoder: cpt_epoch19_w102_edim440.pt
2026-04-12 11:28:08 | Loading best model: checkpoints_clf/SBHARPT/w102/stage2_xformer2_e440/best_model_stage2_epoch100.pt
2026-04-12 11:28:08 | ==================== METRICS ====================
2026-04-12 11:28:08 | Overall Accuracy: 92.2236%
2026-04-12 11:28:08 | Confusion Matrix:
[[574,   1,   2,   0,   0,   0,   0,   0,   0,   1,   0,   0],
 [ 12, 541,  13,   0,   0,   0,   0,   0,   0,   0,   0,   0],
 [ 24,   4, 508,   0,   0,   0,   0,   0,   0,   0,   0,   0],
 [  0,   0,   0, 610,  46,   0,   2,   3,   1,   4,   0,   0],
 [  0,   0,   1,  80, 593,   0,   1,   1,   0,   0,   3,   0],
 [  0,   0,   0,   0,  11, 685,   0,   0,   2,   0,   5,   3],
 [  1,   0,   0,   4,   5,   0,  37,   1,   0,   0,   0,   0],
 [  0,   0,   0,   3,   3,   0,   0,  30,   0,   0,   0,   0],
 [  0,   0,   0,   4,   1,   4,   0,   3,  34,   0,  12,   0],
 [  0,   0,   0,   5,   0,   4,   0,   0,   0,  28,   0,   9],
 [  0,   0,   1,   3,   0,   0,   0,   0,   7,   0,  40,   0],
 [  7,   1,   1,   0,   0,   4,   0,   0,   0,  10,   0,  32]]
2026-04-12 11:28:08 | Classification Report:
              precision    recall  f1-score   support

         0.0       0.93      0.99      0.96       578
         1.0       0.99      0.96      0.97       566
         2.0       0.97      0.95      0.96       536
         3.0       0.86      0.92      0.89       666
         4.0       0.90      0.87      0.89       679
         5.0       0.98      0.97      0.98       706
         6.0       0.93      0.77      0.84        48
         7.0       0.79      0.83      0.81        36
         8.0       0.77      0.59      0.67        58
         9.0       0.65      0.61      0.63        46
        10.0       0.67      0.78      0.72        51
        11.0       0.73      0.58      0.65        55

    accuracy                           0.92      4025
   macro avg       0.85      0.82      0.83      4025
weighted avg       0.92      0.92      0.92      4025

2026-04-12 11:28:08 | ==================================================

