2026-04-09 13:10:06 | enc_lr: 0.0005
2026-04-09 13:10:06 | clf_lr: 0.001
2026-04-09 13:10:06 | Encoder: cpt_epoch20_w102_edim440.pt
2026-04-09 13:10:06 | Loading best model: checkpoints_clf/SBHARPT/w102/stage2_conv6_e440/best_model_stage2_epoch80.pt
2026-04-09 13:10:06 | ==================== METRICS ====================
2026-04-09 13:10:06 | Overall Accuracy: 92.8199%
2026-04-09 13:10:06 | Confusion Matrix:
[[574,   0,   4,   0,   0,   0,   0,   0,   0,   0,   0,   0],
 [ 14, 540,   9,   3,   0,   0,   0,   0,   0,   0,   0,   0],
 [  3,   1, 531,   0,   0,   0,   0,   0,   0,   0,   1,   0],
 [  0,   0,   0, 605,  53,   0,   2,   2,   0,   4,   0,   0],
 [  0,   0,   1,  89, 588,   0,   0,   0,   0,   0,   1,   0],
 [  0,   0,   0,   0,   2, 700,   0,   0,   1,   0,   1,   2],
 [  0,   0,   0,   7,   9,   0,  32,   0,   0,   0,   0,   0],
 [  0,   0,   0,   3,   4,   0,   0,  29,   0,   0,   0,   0],
 [  0,   0,   0,   2,   2,   6,   1,   2,  36,   0,   9,   0],
 [  0,   0,   0,   5,   0,   5,   0,   0,   0,  34,   0,   2],
 [  0,   0,   1,   3,   0,   0,   0,   0,   9,   0,  38,   0],
 [  6,   0,   0,   3,   1,   4,   0,   0,   0,  12,   0,  29]]
2026-04-09 13:10:06 | Classification Report:
              precision    recall  f1-score   support

         0.0       0.96      0.99      0.98       578
         1.0       1.00      0.95      0.98       566
         2.0       0.97      0.99      0.98       536
         3.0       0.84      0.91      0.87       666
         4.0       0.89      0.87      0.88       679
         5.0       0.98      0.99      0.99       706
         6.0       0.91      0.67      0.77        48
         7.0       0.88      0.81      0.84        36
         8.0       0.78      0.62      0.69        58
         9.0       0.68      0.74      0.71        46
        10.0       0.76      0.75      0.75        51
        11.0       0.88      0.53      0.66        55

    accuracy                           0.93      4025
   macro avg       0.88      0.82      0.84      4025
weighted avg       0.93      0.93      0.93      4025

2026-04-09 13:10:06 | ==================================================

