2026-04-14 10:17:10 | clf_lr: 0.001
2026-04-14 10:17:10 | Encoder: cpt_epoch50_w102_edim440.pt
2026-04-14 10:17:10 | Loading best model: checkpoints_clf/SBHARPT/w102/stage1_xformer2_e440/best_model_stage1_epoch70.pt
2026-04-14 10:17:10 | ==================== METRICS ====================
2026-04-14 10:17:10 | Overall Accuracy: 79.4286%
2026-04-14 10:17:10 | Confusion Matrix:
[[559,  18,   0,   0,   0,   0,   0,   0,   0,   0,   0,   1],
 [190, 370,   5,   0,   0,   0,   0,   0,   0,   1,   0,   0],
 [294,   5, 234,   0,   0,   0,   0,   0,   0,   0,   3,   0],
 [  0,   0,   0, 601,  56,   0,   2,   1,   0,   6,   0,   0],
 [  0,   0,   0,  97, 578,   0,   0,   1,   1,   0,   2,   0],
 [  0,   0,   0,   0,  35, 663,   0,   0,   5,   0,   2,   1],
 [  1,   0,   1,   3,   6,   0,  34,   2,   0,   0,   1,   0],
 [  0,   0,   1,   3,   1,   0,   1,  30,   0,   0,   0,   0],
 [  0,   0,   0,   1,   0,   5,   4,   2,  39,   0,   7,   0],
 [  0,   0,   0,   6,   0,   5,   0,   0,   0,  32,   0,   3],
 [  0,   0,   0,   2,   1,   1,   1,   0,  13,   0,  33,   0],
 [  6,   0,   1,   0,   0,   3,   0,   0,   1,  20,   0,  24]]
2026-04-14 10:17:10 | Classification Report:
              precision    recall  f1-score   support

         0.0       0.53      0.97      0.69       578
         1.0       0.94      0.65      0.77       566
         2.0       0.97      0.44      0.60       536
         3.0       0.84      0.90      0.87       666
         4.0       0.85      0.85      0.85       679
         5.0       0.98      0.94      0.96       706
         6.0       0.81      0.71      0.76        48
         7.0       0.83      0.83      0.83        36
         8.0       0.66      0.67      0.67        58
         9.0       0.54      0.70      0.61        46
        10.0       0.69      0.65      0.67        51
        11.0       0.83      0.44      0.57        55

    accuracy                           0.79      4025
   macro avg       0.79      0.73      0.74      4025
weighted avg       0.85      0.79      0.79      4025

2026-04-14 10:17:10 | ==================================================

