2026-01-19 19:36:30 | ==================== METRICS ====================
2026-01-19 19:36:30 | Overall Accuracy: 78.1118%
2026-01-19 19:36:30 | Confusion Matrix:
[[567,   7,   2,   0,   0,   0,   0,   0,   0,   0,   1,   1],
 [131, 428,   6,   0,   0,   0,   0,   0,   0,   0,   1,   0],
 [315,   3, 215,   0,   0,   0,   0,   0,   0,   0,   3,   0],
 [  0,   0,   0, 604,  53,   1,   1,   0,   0,   7,   0,   0],
 [  0,   1,   0, 194, 476,   0,   2,   1,   2,   0,   3,   0],
 [  0,   0,   0,   0,   1, 699,   0,   0,   1,   0,   5,   0],
 [  0,   9,   0,   6,  11,   0,  19,   1,   0,   1,   1,   0],
 [  0,   1,   0,   7,   1,   0,   0,  25,   0,   2,   0,   0],
 [  0,   0,   0,   1,   1,   5,   3,   4,  30,   0,  14,   0],
 [  1,   0,   0,   2,   0,   4,   0,   2,   0,  34,   0,   3],
 [  0,   5,   0,   2,   0,   1,   0,   0,   9,   0,  34,   0],
 [  8,   1,   0,   0,   0,   4,   0,   0,   0,  29,   0,  13]]
2026-01-19 19:36:30 | Classification Report:
              precision    recall  f1-score   support

         0.0       0.55      0.98      0.71       578
         1.0       0.94      0.76      0.84       566
         2.0       0.96      0.40      0.57       536
         3.0       0.74      0.91      0.82       666
         4.0       0.88      0.70      0.78       679
         5.0       0.98      0.99      0.98       706
         6.0       0.76      0.40      0.52        48
         7.0       0.76      0.69      0.72        36
         8.0       0.71      0.52      0.60        58
         9.0       0.47      0.74      0.57        46
        10.0       0.55      0.67      0.60        51
        11.0       0.76      0.24      0.36        55

    accuracy                           0.78      4025
   macro avg       0.76      0.67      0.67      4025
weighted avg       0.83      0.78      0.77      4025

2026-01-19 19:36:30 | ==================================================

