2026-01-19 18:46:03 | ==================== METRICS ====================
2026-01-19 18:46:03 | Overall Accuracy: 92.5466%
2026-01-19 18:46:03 | Confusion Matrix:
[[575,   2,   1,   0,   0,   0,   0,   0,   0,   0,   0,   0],
 [  3, 546,   9,   2,   4,   0,   1,   0,   0,   1,   0,   0],
 [ 17,   5, 510,   0,   0,   0,   1,   0,   0,   0,   3,   0],
 [  0,   1,   0, 605,  52,   0,   2,   1,   1,   4,   0,   0],
 [  0,   0,   1,  86, 587,   0,   1,   2,   0,   0,   2,   0],
 [  0,   0,   0,   0,   1, 698,   0,   0,   5,   0,   0,   2],
 [  0,   0,   0,   3,   6,   0,  38,   0,   0,   0,   1,   0],
 [  0,   0,   0,   4,   2,   0,   0,  30,   0,   0,   0,   0],
 [  0,   0,   0,   2,   2,   4,   0,   2,  38,   0,  10,   0],
 [  0,   0,   0,   3,   0,   2,   0,   0,   1,  35,   0,   5],
 [  0,   0,   1,   2,   1,   2,   0,   0,   7,   0,  38,   0],
 [  6,   0,   0,   0,   0,   4,   1,   0,   0,  17,   2,  25]]
2026-01-19 18:46:03 | Classification Report:
              precision    recall  f1-score   support

         0.0       0.96      0.99      0.98       578
         1.0       0.99      0.96      0.97       566
         2.0       0.98      0.95      0.96       536
         3.0       0.86      0.91      0.88       666
         4.0       0.90      0.86      0.88       679
         5.0       0.98      0.99      0.99       706
         6.0       0.86      0.79      0.83        48
         7.0       0.86      0.83      0.85        36
         8.0       0.73      0.66      0.69        58
         9.0       0.61      0.76      0.68        46
        10.0       0.68      0.75      0.71        51
        11.0       0.78      0.45      0.57        55

    accuracy                           0.93      4025
   macro avg       0.85      0.83      0.83      4025
weighted avg       0.93      0.93      0.92      4025

2026-01-19 18:46:03 | ==================================================

2026-02-09 18:26:05 | ==================== METRICS ====================
2026-02-09 18:26:05 | Overall Accuracy: 92.5466%
2026-02-09 18:26:05 | Confusion Matrix:
[[575,   2,   1,   0,   0,   0,   0,   0,   0,   0,   0,   0],
 [  3, 546,   9,   2,   4,   0,   1,   0,   0,   1,   0,   0],
 [ 17,   5, 510,   0,   0,   0,   1,   0,   0,   0,   3,   0],
 [  0,   1,   0, 605,  52,   0,   2,   1,   1,   4,   0,   0],
 [  0,   0,   1,  86, 587,   0,   1,   2,   0,   0,   2,   0],
 [  0,   0,   0,   0,   1, 698,   0,   0,   5,   0,   0,   2],
 [  0,   0,   0,   3,   6,   0,  38,   0,   0,   0,   1,   0],
 [  0,   0,   0,   4,   2,   0,   0,  30,   0,   0,   0,   0],
 [  0,   0,   0,   2,   2,   4,   0,   2,  38,   0,  10,   0],
 [  0,   0,   0,   3,   0,   2,   0,   0,   1,  35,   0,   5],
 [  0,   0,   1,   2,   1,   2,   0,   0,   7,   0,  38,   0],
 [  6,   0,   0,   0,   0,   4,   1,   0,   0,  17,   2,  25]]
2026-02-09 18:26:05 | Classification Report:
              precision    recall  f1-score   support

         0.0       0.96      0.99      0.98       578
         1.0       0.99      0.96      0.97       566
         2.0       0.98      0.95      0.96       536
         3.0       0.86      0.91      0.88       666
         4.0       0.90      0.86      0.88       679
         5.0       0.98      0.99      0.99       706
         6.0       0.86      0.79      0.83        48
         7.0       0.86      0.83      0.85        36
         8.0       0.73      0.66      0.69        58
         9.0       0.61      0.76      0.68        46
        10.0       0.68      0.75      0.71        51
        11.0       0.78      0.45      0.57        55

    accuracy                           0.93      4025
   macro avg       0.85      0.83      0.83      4025
weighted avg       0.93      0.93      0.92      4025

2026-02-09 18:26:05 | ==================================================

