2026-04-12 12:37:21 | enc_lr: 0.0005
2026-04-12 12:37:21 | clf_lr: 0.001
2026-04-12 12:37:21 | Encoder: cpt_epoch99_w102_edim440.pt
2026-04-12 12:37:21 | Loading best model: checkpoints_clf/SBHARPT/w102/stage2_xformer2_e440/best_model_stage2_epoch70.pt
2026-04-12 12:37:21 | ==================== METRICS ====================
2026-04-12 12:37:21 | Overall Accuracy: 92.8447%
2026-04-12 12:37:21 | Confusion Matrix:
[[572,   0,   2,   1,   0,   0,   0,   0,   0,   0,   2,   1],
 [  2, 553,   8,   0,   2,   0,   1,   0,   0,   0,   0,   0],
 [  7,  14, 511,   0,   0,   0,   0,   0,   0,   0,   4,   0],
 [  0,   1,   1, 596,  52,   0,   6,   3,   3,   4,   0,   0],
 [  1,   0,   1,  58, 613,   0,   1,   3,   0,   1,   1,   0],
 [  0,   0,   1,   0,   2, 680,   0,   0,  10,   0,   4,   9],
 [  0,   1,   0,   3,   6,   0,  38,   0,   0,   0,   0,   0],
 [  0,   0,   0,   2,   4,   0,   0,  30,   0,   0,   0,   0],
 [  0,   0,   0,   0,   0,   3,   0,   1,  42,   0,  12,   0],
 [  0,   0,   0,   4,   0,   5,   0,   0,   0,  28,   0,   9],
 [  0,   0,   1,   2,   0,   1,   0,   1,   7,   0,  39,   0],
 [  6,   2,   0,   0,   0,   2,   0,   0,   1,   8,   1,  35]]
2026-04-12 12:37:21 | Classification Report:
              precision    recall  f1-score   support

         0.0       0.97      0.99      0.98       578
         1.0       0.97      0.98      0.97       566
         2.0       0.97      0.95      0.96       536
         3.0       0.89      0.89      0.89       666
         4.0       0.90      0.90      0.90       679
         5.0       0.98      0.96      0.97       706
         6.0       0.83      0.79      0.81        48
         7.0       0.79      0.83      0.81        36
         8.0       0.67      0.72      0.69        58
         9.0       0.68      0.61      0.64        46
        10.0       0.62      0.76      0.68        51
        11.0       0.65      0.64      0.64        55

    accuracy                           0.93      4025
   macro avg       0.83      0.84      0.83      4025
weighted avg       0.93      0.93      0.93      4025

2026-04-12 12:37:21 | ==================================================

