2026-01-20 02:25:16 | ==================== METRICS ====================
2026-01-20 02:25:16 | Overall Accuracy: 77.4658%
2026-01-20 02:25:16 | Confusion Matrix:
[[534,  39,   3,   0,   0,   0,   0,   0,   0,   0,   0,   2],
 [103, 456,   6,   0,   0,   0,   0,   0,   0,   0,   1,   0],
 [287,  16, 232,   0,   0,   0,   0,   0,   0,   0,   1,   0],
 [  0,   0,   0, 604,  55,   0,   2,   0,   0,   3,   1,   1],
 [  1,   1,   2, 231, 436,   0,   2,   1,   2,   0,   3,   0],
 [  0,   0,   0,   0,   9, 691,   0,   0,   4,   0,   2,   0],
 [  0,  10,   2,   7,  10,   0,  16,   2,   0,   0,   1,   0],
 [  0,   2,   1,   4,   1,   0,   1,  24,   0,   2,   0,   1],
 [  0,   0,   0,   1,   0,   5,   4,   3,  32,   0,  13,   0],
 [  1,   0,   0,   4,   0,   6,   0,   0,   0,  29,   0,   6],
 [  0,   4,   0,   2,   0,   1,   0,   0,   5,   0,  39,   0],
 [  3,   3,   1,   0,   0,   4,   0,   0,   0,  19,   0,  25]]
2026-01-20 02:25:16 | Classification Report:
              precision    recall  f1-score   support

         0.0       0.57      0.92      0.71       578
         1.0       0.86      0.81      0.83       566
         2.0       0.94      0.43      0.59       536
         3.0       0.71      0.91      0.80       666
         4.0       0.85      0.64      0.73       679
         5.0       0.98      0.98      0.98       706
         6.0       0.64      0.33      0.44        48
         7.0       0.80      0.67      0.73        36
         8.0       0.74      0.55      0.63        58
         9.0       0.55      0.63      0.59        46
        10.0       0.64      0.76      0.70        51
        11.0       0.71      0.45      0.56        55

    accuracy                           0.77      4025
   macro avg       0.75      0.67      0.69      4025
weighted avg       0.81      0.77      0.77      4025

2026-01-20 02:25:16 | ==================================================

