2026-04-12 11:47:34 | clf_lr: 0.001
2026-04-12 11:47:34 | Encoder: cpt_epoch99_w102_edim440.pt
2026-04-12 11:47:34 | Loading best model: checkpoints_clf/SBHARPT/w102/stage1_xformer2_e440/best_model_stage1_epoch75.pt
2026-04-12 11:47:34 | ==================== METRICS ====================
2026-04-12 11:47:34 | Overall Accuracy: 82.6584%
2026-04-12 11:47:34 | Confusion Matrix:
[[548,  22,   7,   0,   0,   0,   0,   0,   0,   0,   0,   1],
 [119, 439,   7,   0,   0,   0,   0,   0,   0,   0,   1,   0],
 [248,  15, 270,   0,   0,   0,   0,   0,   0,   0,   3,   0],
 [  0,   0,   0, 588,  65,   4,   2,   4,   0,   3,   0,   0],
 [  0,   0,   1,  67, 606,   0,   0,   1,   2,   0,   2,   0],
 [  0,   0,   0,   0,   1, 699,   0,   0,   2,   0,   2,   2],
 [  2,   5,   0,   2,   7,   0,  31,   1,   0,   0,   0,   0],
 [  1,   0,   0,   5,   2,   0,   0,  28,   0,   0,   0,   0],
 [  1,   0,   0,   1,   1,   5,   2,   2,  28,   0,  18,   0],
 [  0,   0,   0,   5,   0,   6,   0,   0,   0,  32,   0,   3],
 [  0,   4,   0,   2,   1,   2,   0,   0,   8,   0,  34,   0],
 [  7,   3,   2,   0,   0,   4,   0,   0,   0,  15,   0,  24]]
2026-04-12 11:47:34 | Classification Report:
              precision    recall  f1-score   support

         0.0       0.59      0.95      0.73       578
         1.0       0.90      0.78      0.83       566
         2.0       0.94      0.50      0.66       536
         3.0       0.88      0.88      0.88       666
         4.0       0.89      0.89      0.89       679
         5.0       0.97      0.99      0.98       706
         6.0       0.89      0.65      0.75        48
         7.0       0.78      0.78      0.78        36
         8.0       0.70      0.48      0.57        58
         9.0       0.64      0.70      0.67        46
        10.0       0.57      0.67      0.61        51
        11.0       0.80      0.44      0.56        55

    accuracy                           0.83      4025
   macro avg       0.79      0.72      0.74      4025
weighted avg       0.85      0.83      0.82      4025

2026-04-12 11:47:34 | ==================================================

