92.8695652173913                                                                                                                                                                                 
[[578   0   0   0   0   0   0   0   0   0   0   0]
 [ 25 531   9   0   0   0   0   0   0   0   1   0]
 [ 32   6 493   0   0   0   0   0   0   0   5   0]
 [  0   0   0 616  38   0   4   1   1   6   0   0]
 [  2   0   0  59 611   0   2   1   1   0   3   0]
 [  0   0   0   0   2 695   0   0   3   0   2   4]
 [  0   0   0   3   5   0  39   1   0   0   0   0]
 [  0   0   0   0   3   0   0  33   0   0   0   0]
 [  0   0   0   2   0   3   0   3  40   0  10   0]
 [  0   0   0   2   0   3   0   0   0  35   0   6]
 [  0   0   0   2   1   0   1   0  10   0  37   0]
 [  8   0   0   0   0   2   0   0   0  15   0  30]]
              precision    recall  f1-score   support

         0.0       0.90      1.00      0.95       578
         1.0       0.99      0.94      0.96       566
         2.0       0.98      0.92      0.95       536
         3.0       0.90      0.92      0.91       666
         4.0       0.93      0.90      0.91       679
         5.0       0.99      0.98      0.99       706
         6.0       0.85      0.81      0.83        48
         7.0       0.85      0.92      0.88        36
         8.0       0.73      0.69      0.71        58
         9.0       0.62      0.76      0.69        46
        10.0       0.64      0.73      0.68        51
        11.0       0.75      0.55      0.63        55

    accuracy                           0.93      4025
   macro avg       0.84      0.84      0.84      4025
weighted avg       0.93      0.93      0.93      4025