2026-01-18 20:33:03 | ==================== METRICS ====================
2026-01-18 20:33:03 | Overall Accuracy: 83.5528%
2026-01-18 20:33:03 | Confusion Matrix:
[[533,  25,  15,   0,   0,   0,   0,   0,   0,   0,   2,   3],
 [ 64, 490,   8,   0,   0,   0,   1,   0,   0,   0,   3,   0],
 [211,  16, 295,   0,   0,   0,   0,   0,   0,   0,  14,   0],
 [  0,   0,   0, 603,  52,   1,   1,   1,   1,   7,   0,   0],
 [  0,   0,   0, 111, 558,   0,   4,   1,   3,   0,   2,   0],
 [  0,   0,   0,   1,   1, 690,   0,   0,   4,   0,   3,   7],
 [  0,   0,   0,   6,   6,   0,  31,   0,   0,   0,   5,   0],
 [  0,   0,   0,   3,   2,   0,   0,  30,   0,   1,   0,   0],
 [  0,   0,   0,   1,   1,   3,   2,   3,  36,   0,  12,   0],
 [  0,   0,   0,   3,   0,   2,   0,   0,   0,  29,   0,  12],
 [  0,   1,   0,   2,   1,   0,   1,   0,  17,   1,  28,   0],
 [  0,   1,   3,   0,   0,   2,   0,   0,   0,   9,   0,  40]]
2026-01-18 20:33:03 | Classification Report:
              precision    recall  f1-score   support

         0.0       0.66      0.92      0.77       578
         1.0       0.92      0.87      0.89       566
         2.0       0.92      0.55      0.69       536
         3.0       0.83      0.91      0.86       666
         4.0       0.90      0.82      0.86       679
         5.0       0.99      0.98      0.98       706
         6.0       0.78      0.65      0.70        48
         7.0       0.86      0.83      0.85        36
         8.0       0.59      0.62      0.61        58
         9.0       0.62      0.63      0.62        46
        10.0       0.41      0.55      0.47        51
        11.0       0.65      0.73      0.68        55

    accuracy                           0.84      4025
   macro avg       0.76      0.75      0.75      4025
weighted avg       0.85      0.84      0.83      4025

2026-01-18 20:33:03 | ==================================================

