2026-02-09 18:17:36 | ==================== METRICS ====================
2026-02-09 18:17:36 | Overall Accuracy: 81.7888%
2026-02-09 18:17:36 | Confusion Matrix:
[[537,  24,  15,   0,   0,   0,   0,   0,   0,   0,   0,   2],
 [107, 443,  16,   0,   0,   0,   0,   0,   0,   0,   0,   0],
 [189,  18, 328,   0,   0,   0,   0,   0,   0,   0,   1,   0],
 [  0,   0,   0, 603,  55,   0,   2,   0,   1,   4,   1,   0],
 [  0,   0,   0, 179, 493,   0,   1,   1,   1,   0,   4,   0],
 [  0,   0,   0,   0,   1, 694,   0,   0,   9,   0,   2,   0],
 [  0,   2,   1,   4,   7,   0,  29,   0,   0,   0,   5,   0],
 [  0,   0,   0,   2,   1,   0,   2,  31,   0,   0,   0,   0],
 [  0,   0,   0,   1,   0,   5,   1,   2,  36,   0,  13,   0],
 [  0,   0,   0,   3,   0,   4,   0,   0,   0,  34,   1,   4],
 [  0,   1,   0,   2,   0,   1,   0,   0,   7,   0,  40,   0],
 [  4,   2,   1,   0,   0,   4,   0,   0,   0,  20,   0,  24]]
2026-02-09 18:17:36 | Classification Report:
              precision    recall  f1-score   support

         0.0       0.64      0.93      0.76       578
         1.0       0.90      0.78      0.84       566
         2.0       0.91      0.61      0.73       536
         3.0       0.76      0.91      0.83       666
         4.0       0.89      0.73      0.80       679
         5.0       0.98      0.98      0.98       706
         6.0       0.83      0.60      0.70        48
         7.0       0.91      0.86      0.89        36
         8.0       0.67      0.62      0.64        58
         9.0       0.59      0.74      0.65        46
        10.0       0.60      0.78      0.68        51
        11.0       0.80      0.44      0.56        55

    accuracy                           0.82      4025
   macro avg       0.79      0.75      0.75      4025
weighted avg       0.84      0.82      0.82      4025

2026-02-09 18:17:36 | ==================================================

