2026-01-17 12:19:53 | ==================== METRICS ====================
2026-01-17 12:19:53 | Overall Accuracy: 83.7267%
2026-01-17 12:19:53 | Confusion Matrix:
[[558,   5,  11,   0,   0,   0,   1,   0,   0,   0,   1,   2],
 [ 59, 489,   9,   4,   0,   0,   1,   0,   0,   1,   3,   0],
 [190,  26, 302,   0,   0,   0,   0,   0,   0,   0,  18,   0],
 [  0,   0,   0, 600,  58,   0,   1,   2,   0,   4,   1,   0],
 [  0,   0,   0, 109, 564,   0,   1,   1,   2,   0,   2,   0],
 [  0,   0,   0,   1,   2, 673,   0,   0,   4,   0,   1,  25],
 [  0,   1,   0,   7,   8,   0,  26,   0,   0,   0,   6,   0],
 [  0,   0,   0,   4,   2,   0,   0,  30,   0,   0,   0,   0],
 [  0,   0,   0,   1,   0,   4,   2,   3,  28,   0,  20,   0],
 [  0,   0,   0,   3,   0,   1,   0,   0,   0,  21,   0,  21],
 [  0,   0,   0,   2,   1,   0,   0,   0,  12,   0,  36,   0],
 [  3,   1,   0,   0,   1,   2,   0,   0,   0,   5,   0,  43]]
2026-01-17 12:19:53 | Classification Report:
              precision    recall  f1-score   support

         0.0       0.69      0.97      0.80       578
         1.0       0.94      0.86      0.90       566
         2.0       0.94      0.56      0.70       536
         3.0       0.82      0.90      0.86       666
         4.0       0.89      0.83      0.86       679
         5.0       0.99      0.95      0.97       706
         6.0       0.81      0.54      0.65        48
         7.0       0.83      0.83      0.83        36
         8.0       0.61      0.48      0.54        58
         9.0       0.68      0.46      0.55        46
        10.0       0.41      0.71      0.52        51
        11.0       0.47      0.78      0.59        55

    accuracy                           0.84      4025
   macro avg       0.76      0.74      0.73      4025
weighted avg       0.86      0.84      0.84      4025

2026-01-17 12:19:53 | ==================================================

