if not is_stage_two:
    checkpoint_clf_dir = f"checkpoints_clf/w{window_size}/stage1"
    clf_lr = 2e-3
    
    optimizer = torch.optim.AdamW(classifier_model.parameters(), lr=clf_lr, betas=(0.9, 0.99))

else:
    checkpoint_clf_dir = f"checkpoints_clf/w{window_size}/stage1" # to load best model from stage1
    enc_lr = 7e-4
    clf_lr = 1e-3

84.67080745341615                                                                                     
[[526  18  29   0   0   0   0   0   0   1   2   2]
 [ 44 487  26   0   0   0   6   0   0   0   3   0]
 [ 76  20 438   0   0   0   0   0   0   0   2   0]
 [  0   0   0 602  51   0   2   2   2   5   2   0]
 [  1   0   0 184 485   0   3   1   3   0   2   0]
 [  0   0   0   1   4 683   2   0   7   6   2   1]
 [  0   1   0   3   5   0  34   0   0   0   5   0]
 [  0   0   0   8   1   0   0  27   0   0   0   0]
 [  0   0   0   2   0   4   2   3  34   0  13   0]
 [  0   0   0   2   0   2   0   0   0  36   0   6]
 [  0   1   0   2   1   3   2   0  13   0  29   0]
 [  3   0   2   0   0   2   0   0   0  21   0  27]]
              precision    recall  f1-score   support

         0.0       0.81      0.91      0.86       578
         1.0       0.92      0.86      0.89       566
         2.0       0.88      0.82      0.85       536
         3.0       0.75      0.90      0.82       666
         4.0       0.89      0.71      0.79       679
         5.0       0.98      0.97      0.98       706
         6.0       0.67      0.71      0.69        48
         7.0       0.82      0.75      0.78        36
         8.0       0.58      0.59      0.58        58
         9.0       0.52      0.78      0.63        46
        10.0       0.48      0.57      0.52        51
        11.0       0.75      0.49      0.59        55

    accuracy                           0.85      4025
   macro avg       0.75      0.75      0.75      4025
weighted avg       0.86      0.85      0.85      4025