2026-02-09 18:19:01 | ==================== METRICS ====================
2026-02-09 18:19:01 | Overall Accuracy: 80.8199%
2026-02-09 18:19:01 | Confusion Matrix:
[[568,   8,   1,   0,   0,   0,   0,   0,   0,   0,   0,   1],
 [146, 415,   5,   0,   0,   0,   0,   0,   0,   0,   0,   0],
 [276,  16, 243,   0,   0,   0,   0,   0,   0,   0,   1,   0],
 [  0,   0,   0, 594,  63,   1,   4,   0,   0,   4,   0,   0],
 [  0,   0,   2, 105, 565,   0,   2,   1,   3,   0,   1,   0],
 [  0,   0,   3,   0,   1, 692,   0,   0,   6,   0,   1,   3],
 [  1,   1,   1,   6,   8,   0,  29,   0,   0,   0,   2,   0],
 [  0,   0,   0,   4,   3,   0,   1,  28,   0,   0,   0,   0],
 [  0,   0,   0,   1,   0,   3,   3,   3,  37,   0,  11,   0],
 [  0,   0,   0,   4,   0,   4,   0,   0,   0,  35,   0,   3],
 [  0,   3,   0,   2,   0,   1,   1,   0,  15,   0,  29,   0],
 [  7,   0,   0,   0,   0,   3,   1,   0,   0,  26,   0,  18]]
2026-02-09 18:19:01 | Classification Report:
              precision    recall  f1-score   support

         0.0       0.57      0.98      0.72       578
         1.0       0.94      0.73      0.82       566
         2.0       0.95      0.45      0.61       536
         3.0       0.83      0.89      0.86       666
         4.0       0.88      0.83      0.86       679
         5.0       0.98      0.98      0.98       706
         6.0       0.71      0.60      0.65        48
         7.0       0.88      0.78      0.82        36
         8.0       0.61      0.64      0.62        58
         9.0       0.54      0.76      0.63        46
        10.0       0.64      0.57      0.60        51
        11.0       0.72      0.33      0.45        55

    accuracy                           0.81      4025
   macro avg       0.77      0.71      0.72      4025
weighted avg       0.85      0.81      0.81      4025

2026-02-09 18:19:01 | ==================================================

