2026-01-20 02:16:53 | ==================== METRICS ====================
2026-01-20 02:16:53 | Overall Accuracy: 91.4037%
2026-01-20 02:16:53 | Confusion Matrix:
[[576,   0,   2,   0,   0,   0,   0,   0,   0,   0,   0,   0],
 [ 33, 518,   8,   0,   0,   0,   4,   1,   0,   1,   0,   1],
 [ 19,   7, 510,   0,   0,   0,   0,   0,   0,   0,   0,   0],
 [  0,   0,   0, 600,  54,   0,   5,   1,   3,   3,   0,   0],
 [  2,   0,   0, 101, 568,   0,   2,   1,   1,   0,   4,   0],
 [  0,   0,   0,   0,   0, 697,   1,   0,   1,   0,   3,   4],
 [  0,   0,   0,   3,   5,   0,  40,   0,   0,   0,   0,   0],
 [  0,   0,   0,   2,   3,   0,   0,  31,   0,   0,   0,   0],
 [  0,   0,   0,   1,   0,   4,   1,   3,  39,   0,  10,   0],
 [  0,   0,   0,   2,   0,   4,   0,   0,   0,  39,   0,   1],
 [  0,   0,   0,   3,   0,   1,   0,   0,  12,   0,  35,   0],
 [  5,   0,   0,   1,   0,   2,   0,   0,   0,  21,   0,  26]]
2026-01-20 02:16:53 | Classification Report:
              precision    recall  f1-score   support

         0.0       0.91      1.00      0.95       578
         1.0       0.99      0.92      0.95       566
         2.0       0.98      0.95      0.97       536
         3.0       0.84      0.90      0.87       666
         4.0       0.90      0.84      0.87       679
         5.0       0.98      0.99      0.99       706
         6.0       0.75      0.83      0.79        48
         7.0       0.84      0.86      0.85        36
         8.0       0.70      0.67      0.68        58
         9.0       0.61      0.85      0.71        46
        10.0       0.67      0.69      0.68        51
        11.0       0.81      0.47      0.60        55

    accuracy                           0.91      4025
   macro avg       0.83      0.83      0.83      4025
weighted avg       0.92      0.91      0.91      4025

2026-01-20 02:16:53 | ==================================================

